******************************************************************************
                  TI ARM Linker Unix v5.2.5                    
******************************************************************************
>> Linked Sun Feb  7 20:04:59 2016

OUTPUT FILE NAME:   <EE712_Lab3-reaction_timer.out>
ENTRY POINT SYMBOL: "_c_int00"  address: 000007d5


MEMORY CONFIGURATION

         name            origin    length      used     unused   attr    fill
----------------------  --------  ---------  --------  --------  ----  --------
  FLASH                 00000000   00040000  00000aa4  0003f55c  R  X
  SRAM                  20000000   00008000  00000218  00007de8  RW X


SEGMENT ALLOCATION MAP

run origin  load origin   length   init length attrs members
----------  ----------- ---------- ----------- ----- -------
00000000    00000000    00000aa8   00000aa8    r-x
  00000000    00000000    0000026c   0000026c    r-- .intvecs
  0000026c    0000026c    000007a8   000007a8    r-x .text
  00000a14    00000a14    00000070   00000070    r-- .const
  00000a88    00000a88    00000020   00000020    r-- .cinit
20000000    20000000    00000218   00000000    rw-
  20000000    20000000    00000200   00000000    rw- .stack
  20000200    20000200    00000018   00000000    rw- .data


SECTION ALLOCATION MAP

 output                                  attributes/
section   page    origin      length       input sections
--------  ----  ----------  ----------   ----------------
.intvecs   0    00000000    0000026c     
                  00000000    0000026c     tm4c123gh6pm_startup_ccs.obj (.intvecs)

.text      0    0000026c    000007a8     
                  0000026c    00000132     driverlib.lib : gpio.obj (.text:GPIOPadConfigSet)
                  0000039e    00000002     --HOLE-- [fill = 0]
                  000003a0    000000f4                   : sysctl.obj (.text:SysCtlClockSet)
                  00000494    0000009c     rtsv7M4_T_le_v4SPD16_eabi.lib : memcpy_t2.obj (.text)
                  00000530    00000088     delay.obj (.text)
                  000005b8    0000007a     rtsv7M4_T_le_v4SPD16_eabi.lib : memset_t2.obj (.text)
                  00000632    00000002     --HOLE-- [fill = 0]
                  00000634    0000006c                                   : autoinit.obj (.text)
                  000006a0    0000006a                                   : copy_decompress_rle.obj (.text)
                  0000070a    00000002     --HOLE-- [fill = 0]
                  0000070c    00000068     driverlib.lib : interrupt.obj (.text:IntEnable)
                  00000774    00000060                   : timer.obj (.text:TimerConfigure)
                  000007d4    00000050     rtsv7M4_T_le_v4SPD16_eabi.lib : boot.obj (.text)
                  00000824    0000004c                                   : cpy_tbl.obj (.text)
                  00000870    00000044     main.obj (.text)
                  000008b4    00000044     rtsv7M4_T_le_v4SPD16_eabi.lib : exit.obj (.text)
                  000008f8    00000034     driverlib.lib : sysctl.obj (.text:SysCtlPeripheralEnable)
                  0000092c    0000002a                   : gpio.obj (.text:GPIODirModeSet)
                  00000956    00000018                   : gpio.obj (.text:GPIOPinTypeGPIOOutput)
                  0000096e    00000002     --HOLE-- [fill = 0]
                  00000970    00000018     rtsv7M4_T_le_v4SPD16_eabi.lib : args_main.obj (.text)
                  00000988    00000014                                   : _lock.obj (.text)
                  0000099c    00000012     driverlib.lib : timer.obj (.text:TimerLoadSet)
                  000009ae    00000010                   : interrupt.obj (.text:IntMasterEnable)
                  000009be    0000000e                   : timer.obj (.text:TimerEnable)
                  000009cc    0000000e     rtsv7M4_T_le_v4SPD16_eabi.lib : copy_decompress_none.obj (.text:decompress:none)
                  000009da    0000000c     driverlib.lib : cpu.obj (.text:CPUcpsie)
                  000009e6    0000000c     tm4c123gh6pm_startup_ccs.obj (.text)
                  000009f2    00000008     driverlib.lib : timer.obj (.text:TimerIntEnable)
                  000009fa    00000006                   : gpio.obj (.text:GPIOPinWrite)
                  00000a00    00000006                   : sysctl.obj (.text:SysCtlDelay)
                  00000a06    00000006     rtsv7M4_T_le_v4SPD16_eabi.lib : copy_decompress_rle.obj (.text:decompress:rle24)
                  00000a0c    00000004     driverlib.lib : timer.obj (.text:TimerIntClear)
                  00000a10    00000004     rtsv7M4_T_le_v4SPD16_eabi.lib : pre_init.obj (.text)

.const     0    00000a14    00000070     
                  00000a14    00000070     driverlib.lib : interrupt.obj (.const)

.cinit     0    00000a88    00000020     
                  00000a88    0000000f     (.cinit..data.load) [load image, compression = rle]
                  00000a97    00000001     --HOLE-- [fill = 0]
                  00000a98    00000008     (__TI_handler_table)
                  00000aa0    00000008     (__TI_cinit_table)

.init_array 
*          0    00000000    00000000     UNINITIALIZED

.data      0    20000200    00000018     UNINITIALIZED
                  20000200    00000008     rtsv7M4_T_le_v4SPD16_eabi.lib : _lock.obj (.data)
                  20000208    00000008                                   : exit.obj (.data)
                  20000210    00000004     delay.obj (.data)
                  20000214    00000004     rtsv7M4_T_le_v4SPD16_eabi.lib : stkdepth_vars.obj (.data)

.stack     0    20000000    00000200     UNINITIALIZED
                  20000000    00000200     --HOLE--

.TI.persistent 
*          0    20000200    00000000     UNINITIALIZED


LINKER GENERATED COPY TABLES

__TI_cinit_table @ 00000aa0 records: 1, size/record: 8, table size: 8
	.data: load addr=00000a88, load size=0000000f bytes, run addr=20000200, run size=00000018 bytes, compression=rle


LINKER GENERATED HANDLER TABLE

__TI_handler_table @ 00000a98 records: 2, size/record: 4, table size: 8
	index: 0, handler: __TI_decompress_rle24
	index: 1, handler: __TI_decompress_none


GLOBAL SYMBOLS: SORTED ALPHABETICALLY BY Name 

address   name                    
-------   ----                    
000008b5  C$$EXIT                 
000009db  CPUcpsie                
0000092d  GPIODirModeSet          
0000026d  GPIOPadConfigSet        
00000957  GPIOPinTypeGPIOOutput   
000009fb  GPIOPinWrite            
0000070d  IntEnable               
000009af  IntMasterEnable         
000009e7  ResetISR                
UNDEFED   SHT$$INIT_ARRAY$$Base   
UNDEFED   SHT$$INIT_ARRAY$$Limit  
000003a1  SysCtlClockSet          
00000a01  SysCtlDelay             
000008f9  SysCtlPeripheralEnable  
00000531  Timer0IntHandler        
00000545  TimerBegin              
00000775  TimerConfigure          
000009bf  TimerEnable             
00000a0d  TimerIntClear           
000009f3  TimerIntEnable          
0000099d  TimerLoadSet            
20000200  __STACK_END             
00000200  __STACK_SIZE            
20000200  __STACK_TOP             
00000aa0  __TI_CINIT_Base         
00000aa8  __TI_CINIT_Limit        
00000a98  __TI_Handler_Table_Base 
00000aa0  __TI_Handler_Table_Limit
00000635  __TI_auto_init          
20000208  __TI_cleanup_ptr        
000009cd  __TI_decompress_none    
00000a07  __TI_decompress_rle24   
2000020c  __TI_dtors_ptr          
00000000  __TI_static_base__      
000005b9  __aeabi_memclr          
000005b9  __aeabi_memclr4         
000005b9  __aeabi_memclr8         
00000495  __aeabi_memcpy          
00000495  __aeabi_memcpy4         
00000495  __aeabi_memcpy8         
000005bb  __aeabi_memset          
000005bb  __aeabi_memset4         
000005bb  __aeabi_memset8         
ffffffff  __binit__               
ffffffff  __c_args__              
20000000  __stack                 
00000971  _args_main              
000007d5  _c_int00                
20000200  _lock                   
00000997  _nop                    
0000098f  _register_lock          
00000989  _register_unlock        
00000a11  _system_pre_init        
20000204  _unlock                 
000008b9  abort                   
ffffffff  binit                   
00000825  copy_in                 
00000589  delay_ms                
000008c1  exit                    
00000000  g_pfnVectors            
00000871  main                    
20000214  main_func_sp            
00000495  memcpy                  
000005c1  memset                  
20000210  millis                  


GLOBAL SYMBOLS: SORTED BY Symbol Address 

address   name                    
-------   ----                    
00000000  __TI_static_base__      
00000000  g_pfnVectors            
00000200  __STACK_SIZE            
0000026d  GPIOPadConfigSet        
000003a1  SysCtlClockSet          
00000495  __aeabi_memcpy          
00000495  __aeabi_memcpy4         
00000495  __aeabi_memcpy8         
00000495  memcpy                  
00000531  Timer0IntHandler        
00000545  TimerBegin              
00000589  delay_ms                
000005b9  __aeabi_memclr          
000005b9  __aeabi_memclr4         
000005b9  __aeabi_memclr8         
000005bb  __aeabi_memset          
000005bb  __aeabi_memset4         
000005bb  __aeabi_memset8         
000005c1  memset                  
00000635  __TI_auto_init          
0000070d  IntEnable               
00000775  TimerConfigure          
000007d5  _c_int00                
00000825  copy_in                 
00000871  main                    
000008b5  C$$EXIT                 
000008b9  abort                   
000008c1  exit                    
000008f9  SysCtlPeripheralEnable  
0000092d  GPIODirModeSet          
00000957  GPIOPinTypeGPIOOutput   
00000971  _args_main              
00000989  _register_unlock        
0000098f  _register_lock          
00000997  _nop                    
0000099d  TimerLoadSet            
000009af  IntMasterEnable         
000009bf  TimerEnable             
000009cd  __TI_decompress_none    
000009db  CPUcpsie                
000009e7  ResetISR                
000009f3  TimerIntEnable          
000009fb  GPIOPinWrite            
00000a01  SysCtlDelay             
00000a07  __TI_decompress_rle24   
00000a0d  TimerIntClear           
00000a11  _system_pre_init        
00000a98  __TI_Handler_Table_Base 
00000aa0  __TI_CINIT_Base         
00000aa0  __TI_Handler_Table_Limit
00000aa8  __TI_CINIT_Limit        
20000000  __stack                 
20000200  __STACK_END             
20000200  __STACK_TOP             
20000200  _lock                   
20000204  _unlock                 
20000208  __TI_cleanup_ptr        
2000020c  __TI_dtors_ptr          
20000210  millis                  
20000214  main_func_sp            
ffffffff  __binit__               
ffffffff  __c_args__              
ffffffff  binit                   
UNDEFED   SHT$$INIT_ARRAY$$Base   
UNDEFED   SHT$$INIT_ARRAY$$Limit  

[65 symbols]
