******************************************************************************
                  TI ARM Linker Unix v5.2.5                    
******************************************************************************
>> Linked Thu Apr 14 02:19:17 2016

OUTPUT FILE NAME:   <D_POT.out>
ENTRY POINT SYMBOL: "_c_int00"  address: 00000c75


MEMORY CONFIGURATION

         name            origin    length      used     unused   attr    fill
----------------------  --------  ---------  --------  --------  ----  --------
  FLASH                 00000000   00040000  00001016  0003efea  R  X
  SRAM                  20000000   00008000  00000220  00007de0  RW X


SEGMENT ALLOCATION MAP

run origin  load origin   length   init length attrs members
----------  ----------- ---------- ----------- ----- -------
00000000    00000000    00001018   00001018    r-x
  00000000    00000000    0000026c   0000026c    r-- .intvecs
  0000026c    0000026c    00000c86   00000c86    r-x .text
  00000ef4    00000ef4    000000fc   000000fc    r-- .const
  00000ff0    00000ff0    00000028   00000028    r-- .cinit
20000000    20000000    00000220   00000000    rw-
  20000000    20000000    00000200   00000000    rw- .stack
  20000200    20000200    00000020   00000000    rw- .data


SECTION ALLOCATION MAP

 output                                  attributes/
section   page    origin      length       input sections
--------  ----  ----------  ----------   ----------------
.intvecs   0    00000000    0000026c     
                  00000000    0000026c     tm4c123gh6pm_startup_ccs.obj (.intvecs)

.text      0    0000026c    00000c86     
                  0000026c    000002c0     lcd.obj (.text)
                  0000052c    00000220     pot_test.obj (.text)
                  0000074c    00000132     driverlib.lib : gpio.obj (.text:GPIOPadConfigSet)
                  0000087e    00000002     --HOLE-- [fill = 0]
                  00000880    00000110                   : sysctl.obj (.text:SysCtlClockGet)
                  00000990    000000f4                   : sysctl.obj (.text:SysCtlClockSet)
                  00000a84    0000009c     rtsv7M4_T_le_v4SPD16_eabi.lib : memcpy_t2.obj (.text)
                  00000b20    0000007a                                   : memset_t2.obj (.text)
                  00000b9a    00000002     --HOLE-- [fill = 0]
                  00000b9c    0000006c                                   : autoinit.obj (.text)
                  00000c08    0000006a                                   : copy_decompress_rle.obj (.text)
                  00000c72    00000002     --HOLE-- [fill = 0]
                  00000c74    00000050                                   : boot.obj (.text)
                  00000cc4    0000004c                                   : cpy_tbl.obj (.text)
                  00000d10    00000048     driverlib.lib : gpio.obj (.text:GPIOPinConfigure)
                  00000d58    00000044     rtsv7M4_T_le_v4SPD16_eabi.lib : exit.obj (.text)
                  00000d9c    0000003c     driverlib.lib : ssi.obj (.text:SSIConfigSetExpClk)
                  00000dd8    00000034                   : sysctl.obj (.text:SysCtlPeripheralEnable)
                  00000e0c    0000002a                   : gpio.obj (.text:GPIODirModeSet)
                  00000e36    00000018                   : gpio.obj (.text:GPIOPinTypeGPIOOutput)
                  00000e4e    00000002     --HOLE-- [fill = 0]
                  00000e50    00000018     rtsv7M4_T_le_v4SPD16_eabi.lib : args_main.obj (.text)
                  00000e68    00000014                                   : _lock.obj (.text)
                  00000e7c    00000012     driverlib.lib : gpio.obj (.text:GPIOPinTypeGPIOInput)
                  00000e8e    00000012                   : gpio.obj (.text:GPIOPinTypeSSI)
                  00000ea0    0000000e     rtsv7M4_T_le_v4SPD16_eabi.lib : copy_decompress_none.obj (.text:decompress:none)
                  00000eae    0000000c     tm4c123gh6pm_startup_ccs.obj (.text)
                  00000eba    0000000a     driverlib.lib : ssi.obj (.text:SSIDataPut)
                  00000ec4    0000000a                   : ssi.obj (.text:SSIEnable)
                  00000ece    00000008                   : ssi.obj (.text:SSIBusy)
                  00000ed6    00000006                   : gpio.obj (.text:GPIOPinWrite)
                  00000edc    00000006                   : ssi.obj (.text:SSIClockSourceGet)
                  00000ee2    00000006                   : sysctl.obj (.text:SysCtlDelay)
                  00000ee8    00000006     rtsv7M4_T_le_v4SPD16_eabi.lib : copy_decompress_rle.obj (.text:decompress:rle24)
                  00000eee    00000004                                   : pre_init.obj (.text)

.const     0    00000ef4    000000fc     
                  00000ef4    00000090     driverlib.lib : gpio.obj (.const:g_pui32GPIOBaseAddrs)
                  00000f84    0000006c                   : sysctl.obj (.const:g_pui32Xtals)

.cinit     0    00000ff0    00000028     
                  00000ff0    00000016     (.cinit..data.load) [load image, compression = rle]
                  00001006    00000002     --HOLE-- [fill = 0]
                  00001008    00000008     (__TI_handler_table)
                  00001010    00000008     (__TI_cinit_table)

.init_array 
*          0    00000000    00000000     UNINITIALIZED

.data      0    20000200    00000020     UNINITIALIZED
                  20000200    0000000c     pot_test.obj (.data)
                  2000020c    00000008     rtsv7M4_T_le_v4SPD16_eabi.lib : _lock.obj (.data)
                  20000214    00000008                                   : exit.obj (.data)
                  2000021c    00000004                                   : stkdepth_vars.obj (.data)

.stack     0    20000000    00000200     UNINITIALIZED
                  20000000    00000200     --HOLE--

.TI.persistent 
*          0    20000200    00000000     UNINITIALIZED


LINKER GENERATED COPY TABLES

__TI_cinit_table @ 00001010 records: 1, size/record: 8, table size: 8
	.data: load addr=00000ff0, load size=00000016 bytes, run addr=20000200, run size=00000020 bytes, compression=rle


LINKER GENERATED HANDLER TABLE

__TI_handler_table @ 00001008 records: 2, size/record: 4, table size: 8
	index: 0, handler: __TI_decompress_rle24
	index: 1, handler: __TI_decompress_none


GLOBAL SYMBOLS: SORTED ALPHABETICALLY BY Name 

address   name                    
-------   ----                    
00000d59  C$$EXIT                 
00000e0d  GPIODirModeSet          
0000074d  GPIOPadConfigSet        
00000d11  GPIOPinConfigure        
00000e7d  GPIOPinTypeGPIOInput    
00000e37  GPIOPinTypeGPIOOutput   
00000e8f  GPIOPinTypeSSI          
00000ed7  GPIOPinWrite            
00000eaf  ResetISR                
UNDEFED   SHT$$INIT_ARRAY$$Base   
UNDEFED   SHT$$INIT_ARRAY$$Limit  
00000ecf  SSIBusy                 
00000edd  SSIClockSourceGet       
00000d9d  SSIConfigSetExpClk      
00000ebb  SSIDataPut              
00000ec5  SSIEnable               
00000881  SysCtlClockGet          
00000991  SysCtlClockSet          
00000ee3  SysCtlDelay             
00000dd9  SysCtlPeripheralEnable  
20000200  __STACK_END             
00000200  __STACK_SIZE            
20000200  __STACK_TOP             
00001010  __TI_CINIT_Base         
00001018  __TI_CINIT_Limit        
00001008  __TI_Handler_Table_Base 
00001010  __TI_Handler_Table_Limit
00000b9d  __TI_auto_init          
20000214  __TI_cleanup_ptr        
00000ea1  __TI_decompress_none    
00000ee9  __TI_decompress_rle24   
20000218  __TI_dtors_ptr          
00000000  __TI_static_base__      
00000b21  __aeabi_memclr          
00000b21  __aeabi_memclr4         
00000b21  __aeabi_memclr8         
00000a85  __aeabi_memcpy          
00000a85  __aeabi_memcpy4         
00000a85  __aeabi_memcpy8         
00000b23  __aeabi_memset          
00000b23  __aeabi_memset4         
00000b23  __aeabi_memset8         
ffffffff  __binit__               
ffffffff  __c_args__              
20000000  __stack                 
00000e51  _args_main              
00000c75  _c_int00                
2000020c  _lock                   
00000e77  _nop                    
00000e6f  _register_lock          
00000e69  _register_unlock        
00000eef  _system_pre_init        
20000210  _unlock                 
00000d5d  abort                   
ffffffff  binit                   
00000cc5  copy_in                 
0000056d  delay                   
00000d65  exit                    
00000000  g_pfnVectors            
0000052d  hardware_init           
20000208  i                       
00000311  lcd_char                
000002cd  lcd_command             
00000371  lcd_cursor              
00000293  lcd_init                
0000026d  lcd_portconfig          
000003a9  lcd_print               
00000355  lcd_string              
000006db  main                    
2000021c  main_func_sp            
00000a85  memcpy                  
00000b29  memset                  
00000625  sendto_Dpot             
00000581  spi_config_SSI0         
20000204  spi_data                
000005ef  spi_senddata            
20000200  spidataframe            


GLOBAL SYMBOLS: SORTED BY Symbol Address 

address   name                    
-------   ----                    
00000000  __TI_static_base__      
00000000  g_pfnVectors            
00000200  __STACK_SIZE            
0000026d  lcd_portconfig          
00000293  lcd_init                
000002cd  lcd_command             
00000311  lcd_char                
00000355  lcd_string              
00000371  lcd_cursor              
000003a9  lcd_print               
0000052d  hardware_init           
0000056d  delay                   
00000581  spi_config_SSI0         
000005ef  spi_senddata            
00000625  sendto_Dpot             
000006db  main                    
0000074d  GPIOPadConfigSet        
00000881  SysCtlClockGet          
00000991  SysCtlClockSet          
00000a85  __aeabi_memcpy          
00000a85  __aeabi_memcpy4         
00000a85  __aeabi_memcpy8         
00000a85  memcpy                  
00000b21  __aeabi_memclr          
00000b21  __aeabi_memclr4         
00000b21  __aeabi_memclr8         
00000b23  __aeabi_memset          
00000b23  __aeabi_memset4         
00000b23  __aeabi_memset8         
00000b29  memset                  
00000b9d  __TI_auto_init          
00000c75  _c_int00                
00000cc5  copy_in                 
00000d11  GPIOPinConfigure        
00000d59  C$$EXIT                 
00000d5d  abort                   
00000d65  exit                    
00000d9d  SSIConfigSetExpClk      
00000dd9  SysCtlPeripheralEnable  
00000e0d  GPIODirModeSet          
00000e37  GPIOPinTypeGPIOOutput   
00000e51  _args_main              
00000e69  _register_unlock        
00000e6f  _register_lock          
00000e77  _nop                    
00000e7d  GPIOPinTypeGPIOInput    
00000e8f  GPIOPinTypeSSI          
00000ea1  __TI_decompress_none    
00000eaf  ResetISR                
00000ebb  SSIDataPut              
00000ec5  SSIEnable               
00000ecf  SSIBusy                 
00000ed7  GPIOPinWrite            
00000edd  SSIClockSourceGet       
00000ee3  SysCtlDelay             
00000ee9  __TI_decompress_rle24   
00000eef  _system_pre_init        
00001008  __TI_Handler_Table_Base 
00001010  __TI_CINIT_Base         
00001010  __TI_Handler_Table_Limit
00001018  __TI_CINIT_Limit        
20000000  __stack                 
20000200  __STACK_END             
20000200  __STACK_TOP             
20000200  spidataframe            
20000204  spi_data                
20000208  i                       
2000020c  _lock                   
20000210  _unlock                 
20000214  __TI_cleanup_ptr        
20000218  __TI_dtors_ptr          
2000021c  main_func_sp            
ffffffff  __binit__               
ffffffff  __c_args__              
ffffffff  binit                   
UNDEFED   SHT$$INIT_ARRAY$$Base   
UNDEFED   SHT$$INIT_ARRAY$$Limit  

[77 symbols]
