******************************************************************************
                  TI ARM Linker Unix v5.2.5                    
******************************************************************************
>> Linked Wed Apr 13 18:19:14 2016

OUTPUT FILE NAME:   <UART.out>
ENTRY POINT SYMBOL: "_c_int00"  address: 00000925


MEMORY CONFIGURATION

         name            origin    length      used     unused   attr    fill
----------------------  --------  ---------  --------  --------  ----  --------
  FLASH                 00000000   00040000  00000da0  0003f260  R  X
  SRAM                  20000000   00008000  00000214  00007dec  RW X


SEGMENT ALLOCATION MAP

run origin  load origin   length   init length attrs members
----------  ----------- ---------- ----------- ----- -------
00000000    00000000    00000da0   00000da0    r-x
  00000000    00000000    0000026c   0000026c    r-- .intvecs
  0000026c    0000026c    000009a8   000009a8    r-x .text
  00000c14    00000c14    0000016c   0000016c    r-- .const
  00000d80    00000d80    00000020   00000020    r-- .cinit
20000000    20000000    00000214   00000000    rw-
  20000000    20000000    00000200   00000000    rw- .stack
  20000200    20000200    00000014   00000000    rw- .data


SECTION ALLOCATION MAP

 output                                  attributes/
section   page    origin      length       input sections
--------  ----  ----------  ----------   ----------------
.intvecs   0    00000000    0000026c     
                  00000000    0000026c     tm4c123gh6pm_startup_ccs.obj (.intvecs)

.text      0    0000026c    000009a8     
                  0000026c    00000132     driverlib.lib : gpio.obj (.text:GPIOPadConfigSet)
                  0000039e    00000002     --HOLE-- [fill = 0]
                  000003a0    00000128     uart_interrupt.obj (.text)
                  000004c8    00000110     driverlib.lib : sysctl.obj (.text:SysCtlClockGet)
                  000005d8    000000f4                   : sysctl.obj (.text:SysCtlClockSet)
                  000006cc    0000009c     rtsv7M4_T_le_v4SPD16_eabi.lib : memcpy_t2.obj (.text)
                  00000768    0000007a                                   : memset_t2.obj (.text)
                  000007e2    00000002     --HOLE-- [fill = 0]
                  000007e4    0000006c                                   : autoinit.obj (.text)
                  00000850    0000006a                                   : copy_decompress_rle.obj (.text)
                  000008ba    00000002     --HOLE-- [fill = 0]
                  000008bc    00000068     driverlib.lib : interrupt.obj (.text:IntEnable)
                  00000924    00000050     rtsv7M4_T_le_v4SPD16_eabi.lib : boot.obj (.text)
                  00000974    0000004c                                   : cpy_tbl.obj (.text)
                  000009c0    00000048     driverlib.lib : gpio.obj (.text:GPIOPinConfigure)
                  00000a08    00000046                   : uart.obj (.text:UARTConfigSetExpClk)
                  00000a4e    00000002     --HOLE-- [fill = 0]
                  00000a50    00000044     rtsv7M4_T_le_v4SPD16_eabi.lib : exit.obj (.text)
                  00000a94    00000034     driverlib.lib : sysctl.obj (.text:SysCtlPeripheralEnable)
                  00000ac8    0000002a                   : gpio.obj (.text:GPIODirModeSet)
                  00000af2    00000002     --HOLE-- [fill = 0]
                  00000af4    00000020                   : uart.obj (.text:UARTDisable)
                  00000b14    00000018                   : gpio.obj (.text:GPIOPinTypeGPIOOutput)
                  00000b2c    00000018     rtsv7M4_T_le_v4SPD16_eabi.lib : args_main.obj (.text)
                  00000b44    00000014     driverlib.lib : uart.obj (.text:UARTEnable)
                  00000b58    00000014     rtsv7M4_T_le_v4SPD16_eabi.lib : _lock.obj (.text)
                  00000b6c    00000012     driverlib.lib : gpio.obj (.text:GPIOPinTypeUART)
                  00000b7e    00000010                   : interrupt.obj (.text:IntMasterEnable)
                  00000b8e    0000000e                   : uart.obj (.text:UARTCharGetNonBlocking)
                  00000b9c    0000000e                   : uart.obj (.text:UARTCharPutNonBlocking)
                  00000baa    0000000e                   : uart.obj (.text:UARTCharsAvail)
                  00000bb8    0000000e     rtsv7M4_T_le_v4SPD16_eabi.lib : copy_decompress_none.obj (.text:decompress:none)
                  00000bc6    0000000c     driverlib.lib : cpu.obj (.text:CPUcpsie)
                  00000bd2    0000000c     tm4c123gh6pm_startup_ccs.obj (.text)
                  00000bde    0000000a     driverlib.lib : uart.obj (.text:UARTCharPut)
                  00000be8    0000000a                   : uart.obj (.text:UARTIntStatus)
                  00000bf2    00000008                   : uart.obj (.text:UARTIntEnable)
                  00000bfa    00000006                   : gpio.obj (.text:GPIOPinWrite)
                  00000c00    00000006                   : sysctl.obj (.text:SysCtlDelay)
                  00000c06    00000006     rtsv7M4_T_le_v4SPD16_eabi.lib : copy_decompress_rle.obj (.text:decompress:rle24)
                  00000c0c    00000004     driverlib.lib : uart.obj (.text:UARTIntClear)
                  00000c10    00000004     rtsv7M4_T_le_v4SPD16_eabi.lib : pre_init.obj (.text)

.const     0    00000c14    0000016c     
                  00000c14    00000090     driverlib.lib : gpio.obj (.const:g_pui32GPIOBaseAddrs)
                  00000ca4    00000070                   : interrupt.obj (.const)
                  00000d14    0000006c                   : sysctl.obj (.const:g_pui32Xtals)

.cinit     0    00000d80    00000020     
                  00000d80    0000000f     (.cinit..data.load) [load image, compression = rle]
                  00000d8f    00000001     --HOLE-- [fill = 0]
                  00000d90    00000008     (__TI_handler_table)
                  00000d98    00000008     (__TI_cinit_table)

.init_array 
*          0    00000000    00000000     UNINITIALIZED

.data      0    20000200    00000014     UNINITIALIZED
                  20000200    00000008     rtsv7M4_T_le_v4SPD16_eabi.lib : _lock.obj (.data)
                  20000208    00000008                                   : exit.obj (.data)
                  20000210    00000004                                   : stkdepth_vars.obj (.data)

.stack     0    20000000    00000200     UNINITIALIZED
                  20000000    00000200     --HOLE--

.TI.persistent 
*          0    20000200    00000000     UNINITIALIZED


LINKER GENERATED COPY TABLES

__TI_cinit_table @ 00000d98 records: 1, size/record: 8, table size: 8
	.data: load addr=00000d80, load size=0000000f bytes, run addr=20000200, run size=00000014 bytes, compression=rle


LINKER GENERATED HANDLER TABLE

__TI_handler_table @ 00000d90 records: 2, size/record: 4, table size: 8
	index: 0, handler: __TI_decompress_rle24
	index: 1, handler: __TI_decompress_none


GLOBAL SYMBOLS: SORTED ALPHABETICALLY BY Name 

address   name                    
-------   ----                    
00000a51  C$$EXIT                 
00000bc7  CPUcpsie                
00000ac9  GPIODirModeSet          
0000026d  GPIOPadConfigSet        
000009c1  GPIOPinConfigure        
00000b15  GPIOPinTypeGPIOOutput   
00000b6d  GPIOPinTypeUART         
00000bfb  GPIOPinWrite            
000008bd  IntEnable               
00000b7f  IntMasterEnable         
00000bd3  ResetISR                
UNDEFED   SHT$$INIT_ARRAY$$Base   
UNDEFED   SHT$$INIT_ARRAY$$Limit  
000004c9  SysCtlClockGet          
000005d9  SysCtlClockSet          
00000c01  SysCtlDelay             
00000a95  SysCtlPeripheralEnable  
00000b8f  UARTCharGetNonBlocking  
00000bdf  UARTCharPut             
00000b9d  UARTCharPutNonBlocking  
00000bab  UARTCharsAvail          
00000a09  UARTConfigSetExpClk     
00000af5  UARTDisable             
00000b45  UARTEnable              
00000c0d  UARTIntClear            
00000bf3  UARTIntEnable           
000003f9  UARTIntHandler          
00000be9  UARTIntStatus           
20000200  __STACK_END             
00000200  __STACK_SIZE            
20000200  __STACK_TOP             
00000d98  __TI_CINIT_Base         
00000da0  __TI_CINIT_Limit        
00000d90  __TI_Handler_Table_Base 
00000d98  __TI_Handler_Table_Limit
000007e5  __TI_auto_init          
20000208  __TI_cleanup_ptr        
00000bb9  __TI_decompress_none    
00000c07  __TI_decompress_rle24   
2000020c  __TI_dtors_ptr          
00000000  __TI_static_base__      
00000769  __aeabi_memclr          
00000769  __aeabi_memclr4         
00000769  __aeabi_memclr8         
000006cd  __aeabi_memcpy          
000006cd  __aeabi_memcpy4         
000006cd  __aeabi_memcpy8         
0000076b  __aeabi_memset          
0000076b  __aeabi_memset4         
0000076b  __aeabi_memset8         
ffffffff  __binit__               
ffffffff  __c_args__              
20000000  __stack                 
00000b2d  _args_main              
00000925  _c_int00                
20000200  _lock                   
00000b67  _nop                    
00000b5f  _register_lock          
00000b59  _register_unlock        
00000c11  _system_pre_init        
20000204  _unlock                 
00000a55  abort                   
ffffffff  binit                   
00000975  copy_in                 
00000a5d  exit                    
00000000  g_pfnVectors            
0000048d  main                    
20000210  main_func_sp            
000006cd  memcpy                  
00000771  memset                  
0000044f  uart_char               
000003a1  uart_init               
00000461  uart_string             


GLOBAL SYMBOLS: SORTED BY Symbol Address 

address   name                    
-------   ----                    
00000000  __TI_static_base__      
00000000  g_pfnVectors            
00000200  __STACK_SIZE            
0000026d  GPIOPadConfigSet        
000003a1  uart_init               
000003f9  UARTIntHandler          
0000044f  uart_char               
00000461  uart_string             
0000048d  main                    
000004c9  SysCtlClockGet          
000005d9  SysCtlClockSet          
000006cd  __aeabi_memcpy          
000006cd  __aeabi_memcpy4         
000006cd  __aeabi_memcpy8         
000006cd  memcpy                  
00000769  __aeabi_memclr          
00000769  __aeabi_memclr4         
00000769  __aeabi_memclr8         
0000076b  __aeabi_memset          
0000076b  __aeabi_memset4         
0000076b  __aeabi_memset8         
00000771  memset                  
000007e5  __TI_auto_init          
000008bd  IntEnable               
00000925  _c_int00                
00000975  copy_in                 
000009c1  GPIOPinConfigure        
00000a09  UARTConfigSetExpClk     
00000a51  C$$EXIT                 
00000a55  abort                   
00000a5d  exit                    
00000a95  SysCtlPeripheralEnable  
00000ac9  GPIODirModeSet          
00000af5  UARTDisable             
00000b15  GPIOPinTypeGPIOOutput   
00000b2d  _args_main              
00000b45  UARTEnable              
00000b59  _register_unlock        
00000b5f  _register_lock          
00000b67  _nop                    
00000b6d  GPIOPinTypeUART         
00000b7f  IntMasterEnable         
00000b8f  UARTCharGetNonBlocking  
00000b9d  UARTCharPutNonBlocking  
00000bab  UARTCharsAvail          
00000bb9  __TI_decompress_none    
00000bc7  CPUcpsie                
00000bd3  ResetISR                
00000bdf  UARTCharPut             
00000be9  UARTIntStatus           
00000bf3  UARTIntEnable           
00000bfb  GPIOPinWrite            
00000c01  SysCtlDelay             
00000c07  __TI_decompress_rle24   
00000c0d  UARTIntClear            
00000c11  _system_pre_init        
00000d90  __TI_Handler_Table_Base 
00000d98  __TI_CINIT_Base         
00000d98  __TI_Handler_Table_Limit
00000da0  __TI_CINIT_Limit        
20000000  __stack                 
20000200  __STACK_END             
20000200  __STACK_TOP             
20000200  _lock                   
20000204  _unlock                 
20000208  __TI_cleanup_ptr        
2000020c  __TI_dtors_ptr          
20000210  main_func_sp            
ffffffff  __binit__               
ffffffff  __c_args__              
ffffffff  binit                   
UNDEFED   SHT$$INIT_ARRAY$$Base   
UNDEFED   SHT$$INIT_ARRAY$$Limit  

[73 symbols]
