******************************************************************************
                  TI ARM Linker Unix v5.2.5                    
******************************************************************************
>> Linked Mon May  2 03:22:22 2016

OUTPUT FILE NAME:   <M01_PNG-EE712.out>
ENTRY POINT SYMBOL: "_c_int00"  address: 00001095


MEMORY CONFIGURATION

         name            origin    length      used     unused   attr    fill
----------------------  --------  ---------  --------  --------  ----  --------
  FLASH                 00000000   00040000  000015c0  0003ea40  R  X
  SRAM                  20000000   00008000  00000240  00007dc0  RW X


SEGMENT ALLOCATION MAP

run origin  load origin   length   init length attrs members
----------  ----------- ---------- ----------- ----- -------
00000000    00000000    000015c4   000015c4    r-x
  00000000    00000000    0000026c   0000026c    r-- .intvecs
  0000026c    0000026c    000011b4   000011b4    r-x .text
  00001420    00001420    0000016c   0000016c    r-- .const
  00001590    00001590    00000034   00000034    r-- .cinit
20000000    20000000    00000240   00000000    rw-
  20000000    20000000    00000200   00000000    rw- .stack
  20000200    20000200    00000040   00000000    rw- .data


SECTION ALLOCATION MAP

 output                                  attributes/
section   page    origin      length       input sections
--------  ----  ----------  ----------   ----------------
.intvecs   0    00000000    0000026c     
                  00000000    0000026c     tm4c123gh6pm_startup_ccs.obj (.intvecs)

.text      0    0000026c    000011b4     
                  0000026c    000006ac     main.obj (.text)
                  00000918    00000132     driverlib.lib : gpio.obj (.text:GPIOPadConfigSet)
                  00000a4a    00000002     --HOLE-- [fill = 0]
                  00000a4c    00000110                   : sysctl.obj (.text:SysCtlClockGet)
                  00000b5c    000000f4                   : sysctl.obj (.text:SysCtlClockSet)
                  00000c50    000000e8     delay.obj (.text)
                  00000d38    000000a4     driverlib.lib : gpio.obj (.text:GPIOPadConfigGet)
                  00000ddc    0000009c     rtsv7M4_T_le_v4SPD16_eabi.lib : memcpy_t2.obj (.text)
                  00000e78    0000007a                                   : memset_t2.obj (.text)
                  00000ef2    00000002     --HOLE-- [fill = 0]
                  00000ef4    0000006c                                   : autoinit.obj (.text)
                  00000f60    0000006a                                   : copy_decompress_rle.obj (.text)
                  00000fca    00000002     --HOLE-- [fill = 0]
                  00000fcc    00000068     driverlib.lib : interrupt.obj (.text:IntEnable)
                  00001034    00000060                   : timer.obj (.text:TimerConfigure)
                  00001094    00000050     rtsv7M4_T_le_v4SPD16_eabi.lib : boot.obj (.text)
                  000010e4    0000004c                                   : cpy_tbl.obj (.text)
                  00001130    00000048     driverlib.lib : gpio.obj (.text:GPIOPinConfigure)
                  00001178    00000046                   : uart.obj (.text:UARTConfigSetExpClk)
                  000011be    00000002     --HOLE-- [fill = 0]
                  000011c0    00000044     rtsv7M4_T_le_v4SPD16_eabi.lib : exit.obj (.text)
                  00001204    0000003c     driverlib.lib : ssi.obj (.text:SSIConfigSetExpClk)
                  00001240    00000034                   : sysctl.obj (.text:SysCtlPeripheralEnable)
                  00001274    0000002a                   : gpio.obj (.text:GPIODirModeSet)
                  0000129e    00000002     --HOLE-- [fill = 0]
                  000012a0    00000020                   : uart.obj (.text:UARTDisable)
                  000012c0    00000018                   : gpio.obj (.text:GPIOPinTypeGPIOOutput)
                  000012d8    00000018     rtsv7M4_T_le_v4SPD16_eabi.lib : args_main.obj (.text)
                  000012f0    00000014     driverlib.lib : uart.obj (.text:UARTEnable)
                  00001304    00000014     rtsv7M4_T_le_v4SPD16_eabi.lib : _lock.obj (.text)
                  00001318    00000012     driverlib.lib : gpio.obj (.text:GPIOPinTypeSSI)
                  0000132a    00000012                   : gpio.obj (.text:GPIOPinTypeUART)
                  0000133c    00000012                   : timer.obj (.text:TimerLoadSet)
                  0000134e    00000010                   : interrupt.obj (.text:IntMasterEnable)
                  0000135e    0000000e                   : timer.obj (.text:TimerEnable)
                  0000136c    0000000e                   : uart.obj (.text:UARTCharGetNonBlocking)
                  0000137a    0000000e                   : uart.obj (.text:UARTCharPutNonBlocking)
                  00001388    0000000e                   : uart.obj (.text:UARTCharsAvail)
                  00001396    0000000e     rtsv7M4_T_le_v4SPD16_eabi.lib : copy_decompress_none.obj (.text:decompress:none)
                  000013a4    0000000c     driverlib.lib : cpu.obj (.text:CPUcpsie)
                  000013b0    0000000c     tm4c123gh6pm_startup_ccs.obj (.text)
                  000013bc    0000000a     driverlib.lib : ssi.obj (.text:SSIDataPut)
                  000013c6    0000000a                   : ssi.obj (.text:SSIEnable)
                  000013d0    0000000a                   : uart.obj (.text:UARTCharPut)
                  000013da    0000000a                   : uart.obj (.text:UARTIntStatus)
                  000013e4    00000008                   : ssi.obj (.text:SSIBusy)
                  000013ec    00000008                   : timer.obj (.text:TimerIntEnable)
                  000013f4    00000008                   : uart.obj (.text:UARTIntEnable)
                  000013fc    00000006                   : gpio.obj (.text:GPIOPinWrite)
                  00001402    00000006                   : ssi.obj (.text:SSIClockSourceGet)
                  00001408    00000006                   : sysctl.obj (.text:SysCtlDelay)
                  0000140e    00000006     rtsv7M4_T_le_v4SPD16_eabi.lib : copy_decompress_rle.obj (.text:decompress:rle24)
                  00001414    00000004     driverlib.lib : timer.obj (.text:TimerIntClear)
                  00001418    00000004                   : uart.obj (.text:UARTIntClear)
                  0000141c    00000004     rtsv7M4_T_le_v4SPD16_eabi.lib : pre_init.obj (.text)

.const     0    00001420    0000016c     
                  00001420    00000090     driverlib.lib : gpio.obj (.const:g_pui32GPIOBaseAddrs)
                  000014b0    00000070                   : interrupt.obj (.const)
                  00001520    0000006c                   : sysctl.obj (.const:g_pui32Xtals)

.cinit     0    00001590    00000034     
                  00001590    00000022     (.cinit..data.load) [load image, compression = rle]
                  000015b2    00000002     --HOLE-- [fill = 0]
                  000015b4    00000008     (__TI_handler_table)
                  000015bc    00000008     (__TI_cinit_table)

.init_array 
*          0    00000000    00000000     UNINITIALIZED

.data      0    20000200    00000040     UNINITIALIZED
                  20000200    00000028     main.obj (.data)
                  20000228    00000008     rtsv7M4_T_le_v4SPD16_eabi.lib : _lock.obj (.data)
                  20000230    00000008                                   : exit.obj (.data)
                  20000238    00000004     delay.obj (.data)
                  2000023c    00000004     rtsv7M4_T_le_v4SPD16_eabi.lib : stkdepth_vars.obj (.data)

.stack     0    20000000    00000200     UNINITIALIZED
                  20000000    00000200     --HOLE--

.TI.persistent 
*          0    20000200    00000000     UNINITIALIZED


LINKER GENERATED COPY TABLES

__TI_cinit_table @ 000015bc records: 1, size/record: 8, table size: 8
	.data: load addr=00001590, load size=00000022 bytes, run addr=20000200, run size=00000040 bytes, compression=rle


LINKER GENERATED HANDLER TABLE

__TI_handler_table @ 000015b4 records: 2, size/record: 4, table size: 8
	index: 0, handler: __TI_decompress_rle24
	index: 1, handler: __TI_decompress_none


GLOBAL SYMBOLS: SORTED ALPHABETICALLY BY Name 

address   name                    
-------   ----                    
000011c1  C$$EXIT                 
000013a5  CPUcpsie                
00001275  GPIODirModeSet          
00000d39  GPIOPadConfigGet        
00000919  GPIOPadConfigSet        
00001131  GPIOPinConfigure        
000012c1  GPIOPinTypeGPIOOutput   
00001319  GPIOPinTypeSSI          
0000132b  GPIOPinTypeUART         
000013fd  GPIOPinWrite            
00000fcd  IntEnable               
0000134f  IntMasterEnable         
000013b1  ResetISR                
UNDEFED   SHT$$INIT_ARRAY$$Base   
UNDEFED   SHT$$INIT_ARRAY$$Limit  
000013e5  SSIBusy                 
00001403  SSIClockSourceGet       
00001205  SSIConfigSetExpClk      
000013bd  SSIDataPut              
000013c7  SSIEnable               
00000a4d  SysCtlClockGet          
00000b5d  SysCtlClockSet          
00001409  SysCtlDelay             
00001241  SysCtlPeripheralEnable  
00000c51  Timer0IntHandler        
00000c65  TimerBegin_ms           
00000ca9  TimerBegin_us           
00001035  TimerConfigure          
0000135f  TimerEnable             
00001415  TimerIntClear           
000013ed  TimerIntEnable          
0000133d  TimerLoadSet            
0000136d  UARTCharGetNonBlocking  
000013d1  UARTCharPut             
0000137b  UARTCharPutNonBlocking  
00001389  UARTCharsAvail          
00001179  UARTConfigSetExpClk     
000012a1  UARTDisable             
000012f1  UARTEnable              
00001419  UARTIntClear            
000013f5  UARTIntEnable           
0000060d  UARTIntHandler          
000013db  UARTIntStatus           
20000200  __STACK_END             
00000200  __STACK_SIZE            
20000200  __STACK_TOP             
000015bc  __TI_CINIT_Base         
000015c4  __TI_CINIT_Limit        
000015b4  __TI_Handler_Table_Base 
000015bc  __TI_Handler_Table_Limit
00000ef5  __TI_auto_init          
20000230  __TI_cleanup_ptr        
00001397  __TI_decompress_none    
0000140f  __TI_decompress_rle24   
20000234  __TI_dtors_ptr          
00000000  __TI_static_base__      
00000e79  __aeabi_memclr          
00000e79  __aeabi_memclr4         
00000e79  __aeabi_memclr8         
00000ddd  __aeabi_memcpy          
00000ddd  __aeabi_memcpy4         
00000ddd  __aeabi_memcpy8         
00000e7b  __aeabi_memset          
00000e7b  __aeabi_memset4         
00000e7b  __aeabi_memset8         
ffffffff  __binit__               
ffffffff  __c_args__              
20000000  __stack                 
000012d9  _args_main              
00001095  _c_int00                
20000228  _lock                   
00001313  _nop                    
0000130b  _register_lock          
00001305  _register_unlock        
0000141d  _system_pre_init        
2000022c  _unlock                 
2000021c  a                       
000011c5  abort                   
ffffffff  binit                   
20000220  clck                    
000010e5  copy_in                 
2000020e  cutoff_freq             
2000020c  datareceived            
00000311  delay                   
00000ceb  delay_ms                
00000d09  delay_us                
000011cd  exit                    
00000000  g_pfnVectors            
00000497  glaois_lfsr             
000002a7  hardware_init           
20000208  i                       
20000214  lfsr                    
000008b9  main                    
2000023c  main_func_sp            
00000ddd  memcpy                  
00000e81  memset                  
20000238  millis                  
20000218  period                  
000003c9  sendto_Dpot             
00000325  spi_config_SSI0         
20000204  spi_data                
00000393  spi_senddata            
20000200  spidataframe            
20000210  start_state             
0000026d  timer0_init             
00000875  uart_char               
0000056d  uart_init               
0000088d  uart_string             
20000224  ui32Period              


GLOBAL SYMBOLS: SORTED BY Symbol Address 

address   name                    
-------   ----                    
00000000  __TI_static_base__      
00000000  g_pfnVectors            
00000200  __STACK_SIZE            
0000026d  timer0_init             
000002a7  hardware_init           
00000311  delay                   
00000325  spi_config_SSI0         
00000393  spi_senddata            
000003c9  sendto_Dpot             
00000497  glaois_lfsr             
0000056d  uart_init               
0000060d  UARTIntHandler          
00000875  uart_char               
0000088d  uart_string             
000008b9  main                    
00000919  GPIOPadConfigSet        
00000a4d  SysCtlClockGet          
00000b5d  SysCtlClockSet          
00000c51  Timer0IntHandler        
00000c65  TimerBegin_ms           
00000ca9  TimerBegin_us           
00000ceb  delay_ms                
00000d09  delay_us                
00000d39  GPIOPadConfigGet        
00000ddd  __aeabi_memcpy          
00000ddd  __aeabi_memcpy4         
00000ddd  __aeabi_memcpy8         
00000ddd  memcpy                  
00000e79  __aeabi_memclr          
00000e79  __aeabi_memclr4         
00000e79  __aeabi_memclr8         
00000e7b  __aeabi_memset          
00000e7b  __aeabi_memset4         
00000e7b  __aeabi_memset8         
00000e81  memset                  
00000ef5  __TI_auto_init          
00000fcd  IntEnable               
00001035  TimerConfigure          
00001095  _c_int00                
000010e5  copy_in                 
00001131  GPIOPinConfigure        
00001179  UARTConfigSetExpClk     
000011c1  C$$EXIT                 
000011c5  abort                   
000011cd  exit                    
00001205  SSIConfigSetExpClk      
00001241  SysCtlPeripheralEnable  
00001275  GPIODirModeSet          
000012a1  UARTDisable             
000012c1  GPIOPinTypeGPIOOutput   
000012d9  _args_main              
000012f1  UARTEnable              
00001305  _register_unlock        
0000130b  _register_lock          
00001313  _nop                    
00001319  GPIOPinTypeSSI          
0000132b  GPIOPinTypeUART         
0000133d  TimerLoadSet            
0000134f  IntMasterEnable         
0000135f  TimerEnable             
0000136d  UARTCharGetNonBlocking  
0000137b  UARTCharPutNonBlocking  
00001389  UARTCharsAvail          
00001397  __TI_decompress_none    
000013a5  CPUcpsie                
000013b1  ResetISR                
000013bd  SSIDataPut              
000013c7  SSIEnable               
000013d1  UARTCharPut             
000013db  UARTIntStatus           
000013e5  SSIBusy                 
000013ed  TimerIntEnable          
000013f5  UARTIntEnable           
000013fd  GPIOPinWrite            
00001403  SSIClockSourceGet       
00001409  SysCtlDelay             
0000140f  __TI_decompress_rle24   
00001415  TimerIntClear           
00001419  UARTIntClear            
0000141d  _system_pre_init        
000015b4  __TI_Handler_Table_Base 
000015bc  __TI_CINIT_Base         
000015bc  __TI_Handler_Table_Limit
000015c4  __TI_CINIT_Limit        
20000000  __stack                 
20000200  __STACK_END             
20000200  __STACK_TOP             
20000200  spidataframe            
20000204  spi_data                
20000208  i                       
2000020c  datareceived            
2000020e  cutoff_freq             
20000210  start_state             
20000214  lfsr                    
20000218  period                  
2000021c  a                       
20000220  clck                    
20000224  ui32Period              
20000228  _lock                   
2000022c  _unlock                 
20000230  __TI_cleanup_ptr        
20000234  __TI_dtors_ptr          
20000238  millis                  
2000023c  main_func_sp            
ffffffff  __binit__               
ffffffff  __c_args__              
ffffffff  binit                   
UNDEFED   SHT$$INIT_ARRAY$$Base   
UNDEFED   SHT$$INIT_ARRAY$$Limit  

[109 symbols]
