******************************************************************************
                  TI ARM Linker PC v5.1.6                      
******************************************************************************
>> Linked Tue Apr 14 21:00:05 2015

OUTPUT FILE NAME:   <blinky.out>
ENTRY POINT SYMBOL: "_c_int00"  address: 000009f1


MEMORY CONFIGURATION

         name            origin    length      used     unused   attr    fill
----------------------  --------  ---------  --------  --------  ----  --------
  FLASH                 00000000   00040000  00000df2  0003f20e  R  X
  SRAM                  20000000   00008000  00000214  00007dec  RW X


SEGMENT ALLOCATION MAP

run origin  load origin   length   init length attrs members
----------  ----------- ---------- ----------- ----- -------
00000000    00000000    00000df8   00000df8    r-x
  00000000    00000000    0000026c   0000026c    r-- .intvecs
  0000026c    0000026c    00000a4e   00000a4e    r-x .text
  00000cbc    00000cbc    00000118   00000118    r-- .const
  00000dd8    00000dd8    00000020   00000020    r-- .cinit
20000000    20000000    00000214   00000000    rw-
  20000000    20000000    00000200   00000000    rw- .stack
  20000200    20000200    00000014   00000000    rw- .data


SECTION ALLOCATION MAP

 output                                  attributes/
section   page    origin      length       input sections
--------  ----  ----------  ----------   ----------------
.intvecs   0    00000000    0000026c     
                  00000000    0000026c     tm4c123fh6pm_startup_ccs.obj (.intvecs)

.init_array 
*          0    00000000    00000000     UNINITIALIZED

.text      0    0000026c    00000a4e     
                  0000026c    000001f4     sample_code-expt4.obj (.text)
                  00000460    00000130     driverlib.lib : gpio.obj (.text:GPIOPadConfigSet)
                  00000590    00000118                   : sysctl.obj (.text:SysCtlClockGet)
                  000006a8    000000f0                   : sysctl.obj (.text:SysCtlClockSet)
                  00000798    0000009c     rtsv7M4_T_le_v4SPD16_eabi.lib : memcpy_t2.obj (.text)
                  00000834    00000094                                   : auto_init.obj (.text)
                  000008c8    00000080     driverlib.lib : adc.obj (.text:ADCSequenceStepConfigure)
                  00000948    0000005e     rtsv7M4_T_le_v4SPD16_eabi.lib : copy_decompress_rle.obj (.text)
                  000009a6    00000002     --HOLE-- [fill = 0]
                  000009a8    00000048     driverlib.lib : gpio.obj (.text:GPIOPinConfigure)
                  000009f0    00000048     rtsv7M4_T_le_v4SPD16_eabi.lib : boot.obj (.text)
                  00000a38    00000044                                   : cpy_tbl.obj (.text)
                  00000a7c    00000044                                   : exit.obj (.text)
                  00000ac0    00000040     driverlib.lib : uart.obj (.text:UARTConfigSetExpClk)
                  00000b00    0000003e                   : adc.obj (.text:ADCSequenceConfigure)
                  00000b3e    00000002     --HOLE-- [fill = 0]
                  00000b40    00000034                   : sysctl.obj (.text:SysCtlPeripheralEnable)
                  00000b74    0000002e                   : adc.obj (.text:ADCIntStatus)
                  00000ba2    0000002a                   : gpio.obj (.text:GPIODirModeSet)
                  00000bcc    0000001e                   : adc.obj (.text:ADCSequenceDataGet)
                  00000bea    00000002     --HOLE-- [fill = 0]
                  00000bec    0000001c                   : uart.obj (.text:UARTDisable)
                  00000c08    00000018     rtsv7M4_T_le_v4SPD16_eabi.lib : args_main.obj (.text)
                  00000c20    00000016     driverlib.lib : adc.obj (.text:ADCProcessorTrigger)
                  00000c36    00000014                   : uart.obj (.text:UARTEnable)
                  00000c4a    00000002     --HOLE-- [fill = 0]
                  00000c4c    00000014     rtsv7M4_T_le_v4SPD16_eabi.lib : _lock.obj (.text)
                  00000c60    00000012     driverlib.lib : gpio.obj (.text:GPIOPinTypeUART)
                  00000c72    0000000e                   : adc.obj (.text:ADCSequenceEnable)
                  00000c80    0000000e     rtsv7M4_T_le_v4SPD16_eabi.lib : copy_decompress_none.obj (.text:decompress:none)
                  00000c8e    0000000c     tm4c123fh6pm_startup_ccs.obj (.text)
                  00000c9a    0000000a     driverlib.lib : adc.obj (.text:ADCIntClear)
                  00000ca4    0000000a                   : uart.obj (.text:UARTCharPut)
                  00000cae    00000006                   : sysctl.obj (.text:SysCtlDelay)
                  00000cb4    00000006     rtsv7M4_T_le_v4SPD16_eabi.lib : copy_decompress_rle.obj (.text:decompress:rle24)

.const     0    00000cbc    00000118     
                  00000cbc    00000090     driverlib.lib : gpio.obj (.const:g_pui32GPIOBaseAddrs)
                  00000d4c    0000006c                   : sysctl.obj (.const:g_pui32Xtals)
                  00000db8    0000001c     sample_code-expt4.obj (.const)

.cinit     0    00000dd8    00000020     
                  00000dd8    0000000f     (.cinit..data.load) [load image, compression = rle]
                  00000de7    00000001     --HOLE-- [fill = 0]
                  00000de8    00000008     (__TI_handler_table)
                  00000df0    00000008     (__TI_cinit_table)

.stack     0    20000000    00000200     UNINITIALIZED
                  20000000    00000200     --HOLE--

.data      0    20000200    00000014     UNINITIALIZED
                  20000200    00000008     rtsv7M4_T_le_v4SPD16_eabi.lib : _lock.obj (.data)
                  20000208    00000008                                   : exit.obj (.data)
                  20000210    00000004                                   : stkdepth_vars.obj (.data)


LINKER GENERATED COPY TABLES

__TI_cinit_table @ 00000df0 records: 1, size/record: 8, table size: 8
	.data: load addr=00000dd8, load size=0000000f bytes, run addr=20000200, run size=00000014 bytes, compression=rle


LINKER GENERATED HANDLER TABLE

__TI_handler_table @ 00000de8 records: 2, size/record: 4, table size: 8
	index: 0, handler: __TI_decompress_rle24
	index: 1, handler: __TI_decompress_none


GLOBAL SYMBOLS: SORTED ALPHABETICALLY BY Name 

address    name
--------   ----
00000c9b   ADCIntClear
00000b75   ADCIntStatus
00000c21   ADCProcessorTrigger
00000b01   ADCSequenceConfigure
00000bcd   ADCSequenceDataGet
00000c73   ADCSequenceEnable
000008c9   ADCSequenceStepConfigure
00000a7d   C$$EXIT
00000ba3   GPIODirModeSet
00000461   GPIOPadConfigSet
000009a9   GPIOPinConfigure
00000c61   GPIOPinTypeUART
00000c8f   ResetISR
UNDEFED    SHT$$INIT_ARRAY$$Base
UNDEFED    SHT$$INIT_ARRAY$$Limit
00000591   SysCtlClockGet
000006a9   SysCtlClockSet
00000caf   SysCtlDelay
00000b41   SysCtlPeripheralEnable
00000ca5   UARTCharPut
00000ac1   UARTConfigSetExpClk
00000bed   UARTDisable
00000c37   UARTEnable
0000026d   UARTSend
20000200   __STACK_END
00000200   __STACK_SIZE
20000200   __STACK_TOP
00000df0   __TI_CINIT_Base
00000df8   __TI_CINIT_Limit
00000de8   __TI_Handler_Table_Base
00000df0   __TI_Handler_Table_Limit
00000001   __TI_args_main
00000835   __TI_auto_init
20000208   __TI_cleanup_ptr
00000c81   __TI_decompress_none
00000cb5   __TI_decompress_rle24
2000020c   __TI_dtors_ptr
00000000   __TI_static_base__
00000799   __aeabi_memcpy
00000799   __aeabi_memcpy4
00000799   __aeabi_memcpy8
ffffffff   __binit__
ffffffff   __c_args__
20000000   __stack
00000c09   _args_main
000009f1   _c_int00
20000200   _lock
00000c5b   _nop
00000c53   _register_lock
00000c4d   _register_unlock
20000204   _unlock
00000a81   abort
ffffffff   binit
00000a39   copy_in
00000a89   exit
00000000   g_pfnVectors
0000028b   int2dec
00000331   main
20000210   main_func_sp
00000799   memcpy


GLOBAL SYMBOLS: SORTED BY Symbol Address 

address    name
--------   ----
00000000   __TI_static_base__
00000000   g_pfnVectors
00000001   __TI_args_main
00000200   __STACK_SIZE
0000026d   UARTSend
0000028b   int2dec
00000331   main
00000461   GPIOPadConfigSet
00000591   SysCtlClockGet
000006a9   SysCtlClockSet
00000799   __aeabi_memcpy
00000799   __aeabi_memcpy4
00000799   __aeabi_memcpy8
00000799   memcpy
00000835   __TI_auto_init
000008c9   ADCSequenceStepConfigure
000009a9   GPIOPinConfigure
000009f1   _c_int00
00000a39   copy_in
00000a7d   C$$EXIT
00000a81   abort
00000a89   exit
00000ac1   UARTConfigSetExpClk
00000b01   ADCSequenceConfigure
00000b41   SysCtlPeripheralEnable
00000b75   ADCIntStatus
00000ba3   GPIODirModeSet
00000bcd   ADCSequenceDataGet
00000bed   UARTDisable
00000c09   _args_main
00000c21   ADCProcessorTrigger
00000c37   UARTEnable
00000c4d   _register_unlock
00000c53   _register_lock
00000c5b   _nop
00000c61   GPIOPinTypeUART
00000c73   ADCSequenceEnable
00000c81   __TI_decompress_none
00000c8f   ResetISR
00000c9b   ADCIntClear
00000ca5   UARTCharPut
00000caf   SysCtlDelay
00000cb5   __TI_decompress_rle24
00000de8   __TI_Handler_Table_Base
00000df0   __TI_CINIT_Base
00000df0   __TI_Handler_Table_Limit
00000df8   __TI_CINIT_Limit
20000000   __stack
20000200   __STACK_END
20000200   __STACK_TOP
20000200   _lock
20000204   _unlock
20000208   __TI_cleanup_ptr
2000020c   __TI_dtors_ptr
20000210   main_func_sp
ffffffff   __binit__
ffffffff   __c_args__
ffffffff   binit
UNDEFED    SHT$$INIT_ARRAY$$Base
UNDEFED    SHT$$INIT_ARRAY$$Limit

[60 symbols]
