******************************************************************************
                  TI ARM Linker Unix v5.2.5                    
******************************************************************************
>> Linked Sun May  1 02:08:30 2016

OUTPUT FILE NAME:   <M01_PNG-EE712.out>
ENTRY POINT SYMBOL: "_c_int00"  address: 00000e45


MEMORY CONFIGURATION

         name            origin    length      used     unused   attr    fill
----------------------  --------  ---------  --------  --------  ----  --------
  FLASH                 00000000   00040000  00001370  0003ec90  R  X
  SRAM                  20000000   00008000  00000240  00007dc0  RW X


SEGMENT ALLOCATION MAP

run origin  load origin   length   init length attrs members
----------  ----------- ---------- ----------- ----- -------
00000000    00000000    00001374   00001374    r-x
  00000000    00000000    0000026c   0000026c    r-- .intvecs
  0000026c    0000026c    00000f64   00000f64    r-x .text
  000011d0    000011d0    0000016c   0000016c    r-- .const
  00001340    00001340    00000034   00000034    r-- .cinit
20000000    20000000    00000240   00000000    rw-
  20000000    20000000    00000200   00000000    rw- .stack
  20000200    20000200    00000040   00000000    rw- .data


SECTION ALLOCATION MAP

 output                                  attributes/
section   page    origin      length       input sections
--------  ----  ----------  ----------   ----------------
.intvecs   0    00000000    0000026c     
                  00000000    0000026c     tm4c123gh6pm_startup_ccs.obj (.intvecs)

.text      0    0000026c    00000f64     
                  0000026c    0000045c     main.obj (.text)
                  000006c8    00000132     driverlib.lib : gpio.obj (.text:GPIOPadConfigSet)
                  000007fa    00000002     --HOLE-- [fill = 0]
                  000007fc    00000110                   : sysctl.obj (.text:SysCtlClockGet)
                  0000090c    000000f4                   : sysctl.obj (.text:SysCtlClockSet)
                  00000a00    000000e8     delay.obj (.text)
                  00000ae8    000000a4     driverlib.lib : gpio.obj (.text:GPIOPadConfigGet)
                  00000b8c    0000009c     rtsv7M4_T_le_v4SPD16_eabi.lib : memcpy_t2.obj (.text)
                  00000c28    0000007a                                   : memset_t2.obj (.text)
                  00000ca2    00000002     --HOLE-- [fill = 0]
                  00000ca4    0000006c                                   : autoinit.obj (.text)
                  00000d10    0000006a                                   : copy_decompress_rle.obj (.text)
                  00000d7a    00000002     --HOLE-- [fill = 0]
                  00000d7c    00000068     driverlib.lib : interrupt.obj (.text:IntEnable)
                  00000de4    00000060                   : timer.obj (.text:TimerConfigure)
                  00000e44    00000050     rtsv7M4_T_le_v4SPD16_eabi.lib : boot.obj (.text)
                  00000e94    0000004c                                   : cpy_tbl.obj (.text)
                  00000ee0    00000048     driverlib.lib : gpio.obj (.text:GPIOPinConfigure)
                  00000f28    00000046                   : uart.obj (.text:UARTConfigSetExpClk)
                  00000f6e    00000002     --HOLE-- [fill = 0]
                  00000f70    00000044     rtsv7M4_T_le_v4SPD16_eabi.lib : exit.obj (.text)
                  00000fb4    0000003c     driverlib.lib : ssi.obj (.text:SSIConfigSetExpClk)
                  00000ff0    00000034                   : sysctl.obj (.text:SysCtlPeripheralEnable)
                  00001024    0000002a                   : gpio.obj (.text:GPIODirModeSet)
                  0000104e    00000002     --HOLE-- [fill = 0]
                  00001050    00000020                   : uart.obj (.text:UARTDisable)
                  00001070    00000018                   : gpio.obj (.text:GPIOPinTypeGPIOOutput)
                  00001088    00000018     rtsv7M4_T_le_v4SPD16_eabi.lib : args_main.obj (.text)
                  000010a0    00000014     driverlib.lib : uart.obj (.text:UARTEnable)
                  000010b4    00000014     rtsv7M4_T_le_v4SPD16_eabi.lib : _lock.obj (.text)
                  000010c8    00000012     driverlib.lib : gpio.obj (.text:GPIOPinTypeSSI)
                  000010da    00000012                   : gpio.obj (.text:GPIOPinTypeUART)
                  000010ec    00000012                   : timer.obj (.text:TimerLoadSet)
                  000010fe    00000010                   : interrupt.obj (.text:IntMasterEnable)
                  0000110e    0000000e                   : timer.obj (.text:TimerEnable)
                  0000111c    0000000e                   : uart.obj (.text:UARTCharGetNonBlocking)
                  0000112a    0000000e                   : uart.obj (.text:UARTCharPutNonBlocking)
                  00001138    0000000e                   : uart.obj (.text:UARTCharsAvail)
                  00001146    0000000e     rtsv7M4_T_le_v4SPD16_eabi.lib : copy_decompress_none.obj (.text:decompress:none)
                  00001154    0000000c     driverlib.lib : cpu.obj (.text:CPUcpsie)
                  00001160    0000000c     tm4c123gh6pm_startup_ccs.obj (.text)
                  0000116c    0000000a     driverlib.lib : ssi.obj (.text:SSIDataPut)
                  00001176    0000000a                   : ssi.obj (.text:SSIEnable)
                  00001180    0000000a                   : uart.obj (.text:UARTCharPut)
                  0000118a    0000000a                   : uart.obj (.text:UARTIntStatus)
                  00001194    00000008                   : ssi.obj (.text:SSIBusy)
                  0000119c    00000008                   : timer.obj (.text:TimerIntEnable)
                  000011a4    00000008                   : uart.obj (.text:UARTIntEnable)
                  000011ac    00000006                   : gpio.obj (.text:GPIOPinWrite)
                  000011b2    00000006                   : ssi.obj (.text:SSIClockSourceGet)
                  000011b8    00000006                   : sysctl.obj (.text:SysCtlDelay)
                  000011be    00000006     rtsv7M4_T_le_v4SPD16_eabi.lib : copy_decompress_rle.obj (.text:decompress:rle24)
                  000011c4    00000004     driverlib.lib : timer.obj (.text:TimerIntClear)
                  000011c8    00000004                   : uart.obj (.text:UARTIntClear)
                  000011cc    00000004     rtsv7M4_T_le_v4SPD16_eabi.lib : pre_init.obj (.text)

.const     0    000011d0    0000016c     
                  000011d0    00000090     driverlib.lib : gpio.obj (.const:g_pui32GPIOBaseAddrs)
                  00001260    00000070                   : interrupt.obj (.const)
                  000012d0    0000006c                   : sysctl.obj (.const:g_pui32Xtals)

.cinit     0    00001340    00000034     
                  00001340    00000022     (.cinit..data.load) [load image, compression = rle]
                  00001362    00000002     --HOLE-- [fill = 0]
                  00001364    00000008     (__TI_handler_table)
                  0000136c    00000008     (__TI_cinit_table)

.init_array 
*          0    00000000    00000000     UNINITIALIZED

.data      0    20000200    00000040     UNINITIALIZED
                  20000200    00000028     main.obj (.data)
                  20000228    00000008     rtsv7M4_T_le_v4SPD16_eabi.lib : _lock.obj (.data)
                  20000230    00000008                                   : exit.obj (.data)
                  20000238    00000004     delay.obj (.data)
                  2000023c    00000004     rtsv7M4_T_le_v4SPD16_eabi.lib : stkdepth_vars.obj (.data)

.stack     0    20000000    00000200     UNINITIALIZED
                  20000000    00000200     --HOLE--

.TI.persistent 
*          0    20000200    00000000     UNINITIALIZED


LINKER GENERATED COPY TABLES

__TI_cinit_table @ 0000136c records: 1, size/record: 8, table size: 8
	.data: load addr=00001340, load size=00000022 bytes, run addr=20000200, run size=00000040 bytes, compression=rle


LINKER GENERATED HANDLER TABLE

__TI_handler_table @ 00001364 records: 2, size/record: 4, table size: 8
	index: 0, handler: __TI_decompress_rle24
	index: 1, handler: __TI_decompress_none


GLOBAL SYMBOLS: SORTED ALPHABETICALLY BY Name 

address   name                    
-------   ----                    
00000f71  C$$EXIT                 
00001155  CPUcpsie                
00001025  GPIODirModeSet          
00000ae9  GPIOPadConfigGet        
000006c9  GPIOPadConfigSet        
00000ee1  GPIOPinConfigure        
00001071  GPIOPinTypeGPIOOutput   
000010c9  GPIOPinTypeSSI          
000010db  GPIOPinTypeUART         
000011ad  GPIOPinWrite            
00000d7d  IntEnable               
000010ff  IntMasterEnable         
00001161  ResetISR                
UNDEFED   SHT$$INIT_ARRAY$$Base   
UNDEFED   SHT$$INIT_ARRAY$$Limit  
00001195  SSIBusy                 
000011b3  SSIClockSourceGet       
00000fb5  SSIConfigSetExpClk      
0000116d  SSIDataPut              
00001177  SSIEnable               
000007fd  SysCtlClockGet          
0000090d  SysCtlClockSet          
000011b9  SysCtlDelay             
00000ff1  SysCtlPeripheralEnable  
00000a01  Timer0IntHandler        
00000a15  TimerBegin_ms           
00000a59  TimerBegin_us           
00000de5  TimerConfigure          
0000110f  TimerEnable             
000011c5  TimerIntClear           
0000119d  TimerIntEnable          
000010ed  TimerLoadSet            
0000111d  UARTCharGetNonBlocking  
00001181  UARTCharPut             
0000112b  UARTCharPutNonBlocking  
00001139  UARTCharsAvail          
00000f29  UARTConfigSetExpClk     
00001051  UARTDisable             
000010a1  UARTEnable              
000011c9  UARTIntClear            
000011a5  UARTIntEnable           
000005a9  UARTIntHandler          
0000118b  UARTIntStatus           
20000200  __STACK_END             
00000200  __STACK_SIZE            
20000200  __STACK_TOP             
0000136c  __TI_CINIT_Base         
00001374  __TI_CINIT_Limit        
00001364  __TI_Handler_Table_Base 
0000136c  __TI_Handler_Table_Limit
00000ca5  __TI_auto_init          
20000230  __TI_cleanup_ptr        
00001147  __TI_decompress_none    
000011bf  __TI_decompress_rle24   
20000234  __TI_dtors_ptr          
00000000  __TI_static_base__      
00000c29  __aeabi_memclr          
00000c29  __aeabi_memclr4         
00000c29  __aeabi_memclr8         
00000b8d  __aeabi_memcpy          
00000b8d  __aeabi_memcpy4         
00000b8d  __aeabi_memcpy8         
00000c2b  __aeabi_memset          
00000c2b  __aeabi_memset4         
00000c2b  __aeabi_memset8         
ffffffff  __binit__               
ffffffff  __c_args__              
20000000  __stack                 
00001089  _args_main              
00000e45  _c_int00                
20000228  _lock                   
000010c3  _nop                    
000010bb  _register_lock          
000010b5  _register_unlock        
000011cd  _system_pre_init        
2000022c  _unlock                 
2000021c  a                       
00000f75  abort                   
ffffffff  binit                   
20000220  clck                    
00000e95  copy_in                 
2000020c  datareceived            
00000a9b  delay_ms                
00000ab9  delay_us                
00000f7d  exit                    
00000000  g_pfnVectors            
0000046b  glaois_lfsr             
000002a7  hardware_init           
20000208  i                       
20000214  lfsr                    
00000655  main                    
2000023c  main_func_sp            
00000b8d  memcpy                  
00000c31  memset                  
20000238  millis                  
20000218  period                  
000003b5  sendto_Dpot             
00000311  spi_config_SSI0         
20000204  spi_data                
0000037f  spi_senddata            
20000200  spidataframe            
20000210  start_state             
0000026d  timer0_init             
00000607  uart_char               
00000531  uart_init               
00000631  uart_string             
20000224  ui32Period              


GLOBAL SYMBOLS: SORTED BY Symbol Address 

address   name                    
-------   ----                    
00000000  __TI_static_base__      
00000000  g_pfnVectors            
00000200  __STACK_SIZE            
0000026d  timer0_init             
000002a7  hardware_init           
00000311  spi_config_SSI0         
0000037f  spi_senddata            
000003b5  sendto_Dpot             
0000046b  glaois_lfsr             
00000531  uart_init               
000005a9  UARTIntHandler          
00000607  uart_char               
00000631  uart_string             
00000655  main                    
000006c9  GPIOPadConfigSet        
000007fd  SysCtlClockGet          
0000090d  SysCtlClockSet          
00000a01  Timer0IntHandler        
00000a15  TimerBegin_ms           
00000a59  TimerBegin_us           
00000a9b  delay_ms                
00000ab9  delay_us                
00000ae9  GPIOPadConfigGet        
00000b8d  __aeabi_memcpy          
00000b8d  __aeabi_memcpy4         
00000b8d  __aeabi_memcpy8         
00000b8d  memcpy                  
00000c29  __aeabi_memclr          
00000c29  __aeabi_memclr4         
00000c29  __aeabi_memclr8         
00000c2b  __aeabi_memset          
00000c2b  __aeabi_memset4         
00000c2b  __aeabi_memset8         
00000c31  memset                  
00000ca5  __TI_auto_init          
00000d7d  IntEnable               
00000de5  TimerConfigure          
00000e45  _c_int00                
00000e95  copy_in                 
00000ee1  GPIOPinConfigure        
00000f29  UARTConfigSetExpClk     
00000f71  C$$EXIT                 
00000f75  abort                   
00000f7d  exit                    
00000fb5  SSIConfigSetExpClk      
00000ff1  SysCtlPeripheralEnable  
00001025  GPIODirModeSet          
00001051  UARTDisable             
00001071  GPIOPinTypeGPIOOutput   
00001089  _args_main              
000010a1  UARTEnable              
000010b5  _register_unlock        
000010bb  _register_lock          
000010c3  _nop                    
000010c9  GPIOPinTypeSSI          
000010db  GPIOPinTypeUART         
000010ed  TimerLoadSet            
000010ff  IntMasterEnable         
0000110f  TimerEnable             
0000111d  UARTCharGetNonBlocking  
0000112b  UARTCharPutNonBlocking  
00001139  UARTCharsAvail          
00001147  __TI_decompress_none    
00001155  CPUcpsie                
00001161  ResetISR                
0000116d  SSIDataPut              
00001177  SSIEnable               
00001181  UARTCharPut             
0000118b  UARTIntStatus           
00001195  SSIBusy                 
0000119d  TimerIntEnable          
000011a5  UARTIntEnable           
000011ad  GPIOPinWrite            
000011b3  SSIClockSourceGet       
000011b9  SysCtlDelay             
000011bf  __TI_decompress_rle24   
000011c5  TimerIntClear           
000011c9  UARTIntClear            
000011cd  _system_pre_init        
00001364  __TI_Handler_Table_Base 
0000136c  __TI_CINIT_Base         
0000136c  __TI_Handler_Table_Limit
00001374  __TI_CINIT_Limit        
20000000  __stack                 
20000200  __STACK_END             
20000200  __STACK_TOP             
20000200  spidataframe            
20000204  spi_data                
20000208  i                       
2000020c  datareceived            
20000210  start_state             
20000214  lfsr                    
20000218  period                  
2000021c  a                       
20000220  clck                    
20000224  ui32Period              
20000228  _lock                   
2000022c  _unlock                 
20000230  __TI_cleanup_ptr        
20000234  __TI_dtors_ptr          
20000238  millis                  
2000023c  main_func_sp            
ffffffff  __binit__               
ffffffff  __c_args__              
ffffffff  binit                   
UNDEFED   SHT$$INIT_ARRAY$$Base   
UNDEFED   SHT$$INIT_ARRAY$$Limit  

[107 symbols]
