******************************************************************************
                  TI ARM Linker Unix v5.2.5                    
******************************************************************************
>> Linked Sun Apr 17 14:46:32 2016

OUTPUT FILE NAME:   <Lab-1.out>
ENTRY POINT SYMBOL: "_c_int00"  address: 00001861


MEMORY CONFIGURATION

         name            origin    length      used     unused   attr    fill
----------------------  --------  ---------  --------  --------  ----  --------
  FLASH                 00000000   00040000  00001d14  0003e2ec  R  X
  SRAM                  20000000   00008000  000003c0  00007c40  RW X


SEGMENT ALLOCATION MAP

run origin  load origin   length   init length attrs members
----------  ----------- ---------- ----------- ----- -------
00000000    00000000    00001d14   00001d14    r-x
  00000000    00000000    0000026c   0000026c    r-- .intvecs
  0000026c    0000026c    00001984   00001984    r-x .text
  00001bf0    00001bf0    000000b0   000000b0    r-- .const
  00001ca0    00001ca0    00000074   00000074    r-- .cinit
20000000    20000000    000003c0   00000000    rw-
  20000000    20000000    00000200   00000000    rw- .stack
  20000200    20000200    000001c0   00000000    rw- .data


SECTION ALLOCATION MAP

 output                                  attributes/
section   page    origin      length       input sections
--------  ----  ----------  ----------   ----------------
.intvecs   0    00000000    0000026c     
                  00000000    0000026c     tm4c123gh6pm_startup_ccs.obj (.intvecs)

.text      0    0000026c    00001984     
                  0000026c    00000498     rtsv7M4_T_le_v4SPD16_eabi.lib : pow.obj (.text)
                  00000704    000002ec                                   : xlog.obj (.text)
                  000009f0    000001fc                                   : xexp.obj (.text)
                  00000bec    000001b6                                   : fd_add_t2.obj (.text)
                  00000da2    00000136                                   : fd_div_t2.obj (.text)
                  00000ed8    00000132     driverlib.lib : gpio.obj (.text:GPIOPadConfigSet)
                  0000100a    00000002     --HOLE-- [fill = 0]
                  0000100c    00000110     rtsv7M4_T_le_v4SPD16_eabi.lib : xdscale.obj (.text)
                  0000111c    000000fc     Lab1.obj (.text)
                  00001218    000000fc     rtsv7M4_T_le_v4SPD16_eabi.lib : fd_mul_t2.obj (.text)
                  00001314    000000f4     driverlib.lib : sysctl.obj (.text:SysCtlClockSet)
                  00001408    000000c0     rtsv7M4_T_le_v4SPD16_eabi.lib : xdint.obj (.text)
                  000014c8    000000be                                   : xdnorm.obj (.text)
                  00001586    0000009c                                   : memcpy_t2.obj (.text)
                  00001622    00000086                                   : fd_cmp_t2.obj (.text:__aeabi_cdcmple)
                  000016a8    0000007a                                   : memset_t2.obj (.text)
                  00001722    00000002     --HOLE-- [fill = 0]
                  00001724    0000006c                                   : autoinit.obj (.text)
                  00001790    0000006a                                   : copy_decompress_rle.obj (.text)
                  000017fa    00000066                                   : xdunscal.obj (.text)
                  00001860    00000050                                   : boot.obj (.text)
                  000018b0    0000004c                                   : cpy_tbl.obj (.text)
                  000018fc    00000048                                   : fd_toi_t2.obj (.text)
                  00001944    00000044                                   : exit.obj (.text)
                  00001988    00000044                                   : fd_tou_t2.obj (.text)
                  000019cc    00000040                                   : signal.obj (.text)
                  00001a0c    00000038                                   : fs_tod_t2.obj (.text)
                  00001a44    00000034     driverlib.lib : sysctl.obj (.text:SysCtlPeripheralEnable)
                  00001a78    00000034     rtsv7M4_T_le_v4SPD16_eabi.lib : feraiseexcept.obj (.text)
                  00001aac    00000030                                   : xferaise.obj (.text)
                  00001adc    0000002e                                   : i_tofd_t2.obj (.text)
                  00001b0a    0000002e                                   : raise.obj (.text)
                  00001b38    0000002a     driverlib.lib : gpio.obj (.text:GPIODirModeSet)
                  00001b62    0000001a     rtsv7M4_T_le_v4SPD16_eabi.lib : log.obj (.text)
                  00001b7c    00000018     driverlib.lib : gpio.obj (.text:GPIOPinTypeGPIOOutput)
                  00001b94    00000018     rtsv7M4_T_le_v4SPD16_eabi.lib : args_main.obj (.text)
                  00001bac    00000014                                   : _lock.obj (.text)
                  00001bc0    0000000e                                   : copy_decompress_none.obj (.text:decompress:none)
                  00001bce    0000000c     tm4c123gh6pm_startup_ccs.obj (.text)
                  00001bda    00000006     driverlib.lib : gpio.obj (.text:GPIOPinWrite)
                  00001be0    00000006                   : sysctl.obj (.text:SysCtlDelay)
                  00001be6    00000006     rtsv7M4_T_le_v4SPD16_eabi.lib : copy_decompress_rle.obj (.text:decompress:rle24)
                  00001bec    00000004                                   : pre_init.obj (.text)

.const     0    00001bf0    000000b0     
                  00001bf0    00000048     rtsv7M4_T_le_v4SPD16_eabi.lib : xexp.obj (.const)
                  00001c38    00000038                                   : xlog.obj (.const:p)
                  00001c70    00000030                                   : xdint.obj (.const)

.cinit     0    00001ca0    00000074     
                  00001ca0    00000063     (.cinit..data.load) [load image, compression = rle]
                  00001d03    00000001     --HOLE-- [fill = 0]
                  00001d04    00000008     (__TI_handler_table)
                  00001d0c    00000008     (__TI_cinit_table)

.init_array 
*          0    00000000    00000000     UNINITIALIZED

.data      0    20000200    000001c0     UNINITIALIZED
                  20000200    000000b0     rtsv7M4_T_le_v4SPD16_eabi.lib : signal.obj (.data:sigtable)
                  200002b0    00000080                                   : xvalues.obj (.data)
                  20000330    00000068                                   : xfvalues.obj (.data)
                  20000398    00000008                                   : _lock.obj (.data)
                  200003a0    00000008                                   : exit.obj (.data)
                  200003a8    00000008                                   : feraiseexcept.obj (.data)
                  200003b0    00000006     Lab1.obj (.data)
                  200003b6    00000002     --HOLE--
                  200003b8    00000004     rtsv7M4_T_le_v4SPD16_eabi.lib : errno.obj (.data)
                  200003bc    00000004                                   : stkdepth_vars.obj (.data)

.stack     0    20000000    00000200     UNINITIALIZED
                  20000000    00000200     --HOLE--

.TI.persistent 
*          0    20000200    00000000     UNINITIALIZED


LINKER GENERATED COPY TABLES

__TI_cinit_table @ 00001d0c records: 1, size/record: 8, table size: 8
	.data: load addr=00001ca0, load size=00000063 bytes, run addr=20000200, run size=000001c0 bytes, compression=rle


LINKER GENERATED HANDLER TABLE

__TI_handler_table @ 00001d04 records: 2, size/record: 4, table size: 8
	index: 0, handler: __TI_decompress_rle24
	index: 1, handler: __TI_decompress_none


GLOBAL SYMBOLS: SORTED ALPHABETICALLY BY Name 

address   name                    
-------   ----                    
00001945  C$$EXIT                 
00001b39  GPIODirModeSet          
00000ed9  GPIOPadConfigSet        
00001b7d  GPIOPinTypeGPIOOutput   
00001bdb  GPIOPinWrite            
00001bcf  ResetISR                
UNDEFED   SHT$$INIT_ARRAY$$Base   
UNDEFED   SHT$$INIT_ARRAY$$Limit  
00001315  SysCtlClockSet          
00001be1  SysCtlDelay             
00001a45  SysCtlPeripheralEnable  
200002b0  _Denorm                 
00001409  _Dint                   
000014c9  _Dnorm                  
0000100d  _Dscale                 
000017fb  _Dunscale               
200002c0  _Eps                    
200003b8  _Errno                  
000009f1  _Exp                    
20000330  _FDenorm                
20000340  _FEps                   
20000350  _FInf                   
20000360  _FNan                   
20000380  _FRteps                 
20000370  _FSnan                  
20000390  _FXbig                  
20000394  _FZero                  
200003a8  _Fenv                   
00001aad  _Feraise                
200002d0  _Hugeval                
200002e0  _Inf                    
00000705  _Log                    
200002f0  _Nan                    
20000310  _Rteps                  
20000300  _Snan                   
200003ac  _Tls_setup__Fenv        
20000320  _Xbig                   
20000328  _Zero                   
20000200  __STACK_END             
00000200  __STACK_SIZE            
20000200  __STACK_TOP             
00001d0c  __TI_CINIT_Base         
00001d14  __TI_CINIT_Limit        
00001d04  __TI_Handler_Table_Base 
00001d0c  __TI_Handler_Table_Limit
00001725  __TI_auto_init          
200003a0  __TI_cleanup_ptr        
00001bc1  __TI_decompress_none    
00001be7  __TI_decompress_rle24   
200003a4  __TI_dtors_ptr          
00000000  __TI_static_base__      
00001623  __aeabi_cdcmpeq         
00001623  __aeabi_cdcmple         
000018fd  __aeabi_d2iz            
00001989  __aeabi_d2uiz           
00000bf7  __aeabi_dadd            
00000da3  __aeabi_ddiv            
00001219  __aeabi_dmul            
00000bed  __aeabi_dsub            
00001a0d  __aeabi_f2d             
00001add  __aeabi_i2d             
000016a9  __aeabi_memclr          
000016a9  __aeabi_memclr4         
000016a9  __aeabi_memclr8         
00001587  __aeabi_memcpy          
00001587  __aeabi_memcpy4         
00001587  __aeabi_memcpy8         
000016ab  __aeabi_memset          
000016ab  __aeabi_memset4         
000016ab  __aeabi_memset8         
ffffffff  __binit__               
ffffffff  __c_args__              
20000000  __stack                 
00001b95  _args_main              
00001861  _c_int00                
20000398  _lock                   
00001bbb  _nop                    
00001bb3  _register_lock          
00001bad  _register_unlock        
00001bed  _system_pre_init        
2000039c  _unlock                 
00001949  abort                   
200003b2  binaryCount             
ffffffff  binit                   
0000113f  blueBlink               
000018b1  copy_in                 
00001135  delay                   
00001951  exit                    
00001a79  feraiseexcept           
00000000  g_pfnVectors            
0000111d  hardwareInit            
200003b0  i16ToggleCount          
00001b63  log                     
000011d5  main                    
200003bc  main_func_sp            
00001587  memcpy                  
000016b1  memset                  
0000026d  pow                     
00001b0b  raise                   
0000117d  rgbCycle                
000019cd  signal                  
200003b4  toggleCount             


GLOBAL SYMBOLS: SORTED BY Symbol Address 

address   name                    
-------   ----                    
00000000  __TI_static_base__      
00000000  g_pfnVectors            
00000200  __STACK_SIZE            
0000026d  pow                     
00000705  _Log                    
000009f1  _Exp                    
00000bed  __aeabi_dsub            
00000bf7  __aeabi_dadd            
00000da3  __aeabi_ddiv            
00000ed9  GPIOPadConfigSet        
0000100d  _Dscale                 
0000111d  hardwareInit            
00001135  delay                   
0000113f  blueBlink               
0000117d  rgbCycle                
000011d5  main                    
00001219  __aeabi_dmul            
00001315  SysCtlClockSet          
00001409  _Dint                   
000014c9  _Dnorm                  
00001587  __aeabi_memcpy          
00001587  __aeabi_memcpy4         
00001587  __aeabi_memcpy8         
00001587  memcpy                  
00001623  __aeabi_cdcmpeq         
00001623  __aeabi_cdcmple         
000016a9  __aeabi_memclr          
000016a9  __aeabi_memclr4         
000016a9  __aeabi_memclr8         
000016ab  __aeabi_memset          
000016ab  __aeabi_memset4         
000016ab  __aeabi_memset8         
000016b1  memset                  
00001725  __TI_auto_init          
000017fb  _Dunscale               
00001861  _c_int00                
000018b1  copy_in                 
000018fd  __aeabi_d2iz            
00001945  C$$EXIT                 
00001949  abort                   
00001951  exit                    
00001989  __aeabi_d2uiz           
000019cd  signal                  
00001a0d  __aeabi_f2d             
00001a45  SysCtlPeripheralEnable  
00001a79  feraiseexcept           
00001aad  _Feraise                
00001add  __aeabi_i2d             
00001b0b  raise                   
00001b39  GPIODirModeSet          
00001b63  log                     
00001b7d  GPIOPinTypeGPIOOutput   
00001b95  _args_main              
00001bad  _register_unlock        
00001bb3  _register_lock          
00001bbb  _nop                    
00001bc1  __TI_decompress_none    
00001bcf  ResetISR                
00001bdb  GPIOPinWrite            
00001be1  SysCtlDelay             
00001be7  __TI_decompress_rle24   
00001bed  _system_pre_init        
00001d04  __TI_Handler_Table_Base 
00001d0c  __TI_CINIT_Base         
00001d0c  __TI_Handler_Table_Limit
00001d14  __TI_CINIT_Limit        
20000000  __stack                 
20000200  __STACK_END             
20000200  __STACK_TOP             
200002b0  _Denorm                 
200002c0  _Eps                    
200002d0  _Hugeval                
200002e0  _Inf                    
200002f0  _Nan                    
20000300  _Snan                   
20000310  _Rteps                  
20000320  _Xbig                   
20000328  _Zero                   
20000330  _FDenorm                
20000340  _FEps                   
20000350  _FInf                   
20000360  _FNan                   
20000370  _FSnan                  
20000380  _FRteps                 
20000390  _FXbig                  
20000394  _FZero                  
20000398  _lock                   
2000039c  _unlock                 
200003a0  __TI_cleanup_ptr        
200003a4  __TI_dtors_ptr          
200003a8  _Fenv                   
200003ac  _Tls_setup__Fenv        
200003b0  i16ToggleCount          
200003b2  binaryCount             
200003b4  toggleCount             
200003b8  _Errno                  
200003bc  main_func_sp            
ffffffff  __binit__               
ffffffff  __c_args__              
ffffffff  binit                   
UNDEFED   SHT$$INIT_ARRAY$$Base   
UNDEFED   SHT$$INIT_ARRAY$$Limit  

[102 symbols]
