******************************************************************************
                  TI ARM Linker Unix v5.2.5                    
******************************************************************************
>> Linked Mon Jan 25 14:21:08 2016

OUTPUT FILE NAME:   <Lab-2.out>
ENTRY POINT SYMBOL: "_c_int00"  address: 00000955


MEMORY CONFIGURATION

         name            origin    length      used     unused   attr    fill
----------------------  --------  ---------  --------  --------  ----  --------
  FLASH                 00000000   00040000  00000b44  0003f4bc  R  X
  SRAM                  20000000   00008000  00000224  00007ddc  RW X


SEGMENT ALLOCATION MAP

run origin  load origin   length   init length attrs members
----------  ----------- ---------- ----------- ----- -------
00000000    00000000    00000b44   00000b44    r-x
  00000000    00000000    0000026c   0000026c    r-- .intvecs
  0000026c    0000026c    000008b4   000008b4    r-x .text
  00000b20    00000b20    00000024   00000024    r-- .cinit
20000000    20000000    00000224   00000000    rw-
  20000000    20000000    00000200   00000000    rw- .stack
  20000200    20000200    00000024   00000000    rw- .data


SECTION ALLOCATION MAP

 output                                  attributes/
section   page    origin      length       input sections
--------  ----  ----------  ----------   ----------------
.intvecs   0    00000000    0000026c     
                  00000000    0000026c     tm4c1230h6pm_startup_ccs.obj (.intvecs)

.text      0    0000026c    000008b4     
                  0000026c    000002d0     Lab2.obj (.text)
                  0000053c    00000132     driverlib.lib : gpio.obj (.text:GPIOPadConfigSet)
                  0000066e    00000002     --HOLE-- [fill = 0]
                  00000670    000000f4                   : sysctl.obj (.text:SysCtlClockSet)
                  00000764    0000009c     rtsv7M4_T_le_v4SPD16_eabi.lib : memcpy_t2.obj (.text)
                  00000800    0000007a                                   : memset_t2.obj (.text)
                  0000087a    00000002     --HOLE-- [fill = 0]
                  0000087c    0000006c                                   : autoinit.obj (.text)
                  000008e8    0000006a                                   : copy_decompress_rle.obj (.text)
                  00000952    00000002     --HOLE-- [fill = 0]
                  00000954    00000050                                   : boot.obj (.text)
                  000009a4    0000004c                                   : cpy_tbl.obj (.text)
                  000009f0    00000044                                   : exit.obj (.text)
                  00000a34    00000034     driverlib.lib : sysctl.obj (.text:SysCtlPeripheralEnable)
                  00000a68    0000002a                   : gpio.obj (.text:GPIODirModeSet)
                  00000a92    00000018                   : gpio.obj (.text:GPIOPinTypeGPIOOutput)
                  00000aaa    00000002     --HOLE-- [fill = 0]
                  00000aac    00000018     rtsv7M4_T_le_v4SPD16_eabi.lib : args_main.obj (.text)
                  00000ac4    00000014                                   : _lock.obj (.text)
                  00000ad8    00000012     driverlib.lib : gpio.obj (.text:GPIOPinTypeGPIOInput)
                  00000aea    0000000e     rtsv7M4_T_le_v4SPD16_eabi.lib : copy_decompress_none.obj (.text:decompress:none)
                  00000af8    0000000c     tm4c1230h6pm_startup_ccs.obj (.text)
                  00000b04    00000006     driverlib.lib : gpio.obj (.text:GPIOPinRead)
                  00000b0a    00000006                   : gpio.obj (.text:GPIOPinWrite)
                  00000b10    00000006                   : sysctl.obj (.text:SysCtlDelay)
                  00000b16    00000006     rtsv7M4_T_le_v4SPD16_eabi.lib : copy_decompress_rle.obj (.text:decompress:rle24)
                  00000b1c    00000004                                   : pre_init.obj (.text)

.cinit     0    00000b20    00000024     
                  00000b20    00000012     (.cinit..data.load) [load image, compression = rle]
                  00000b32    00000002     --HOLE-- [fill = 0]
                  00000b34    00000008     (__TI_handler_table)
                  00000b3c    00000008     (__TI_cinit_table)

.init_array 
*          0    00000000    00000000     UNINITIALIZED

.data      0    20000200    00000024     UNINITIALIZED
                  20000200    00000010     Lab2.obj (.data)
                  20000210    00000008     rtsv7M4_T_le_v4SPD16_eabi.lib : _lock.obj (.data)
                  20000218    00000008                                   : exit.obj (.data)
                  20000220    00000004                                   : stkdepth_vars.obj (.data)

.stack     0    20000000    00000200     UNINITIALIZED
                  20000000    00000200     --HOLE--

.TI.persistent 
*          0    20000200    00000000     UNINITIALIZED


LINKER GENERATED COPY TABLES

__TI_cinit_table @ 00000b3c records: 1, size/record: 8, table size: 8
	.data: load addr=00000b20, load size=00000012 bytes, run addr=20000200, run size=00000024 bytes, compression=rle


LINKER GENERATED HANDLER TABLE

__TI_handler_table @ 00000b34 records: 2, size/record: 4, table size: 8
	index: 0, handler: __TI_decompress_rle24
	index: 1, handler: __TI_decompress_none


GLOBAL SYMBOLS: SORTED ALPHABETICALLY BY Name 

address   name                    
-------   ----                    
000009f1  C$$EXIT                 
00000a69  GPIODirModeSet          
0000053d  GPIOPadConfigSet        
00000b05  GPIOPinRead             
00000ad9  GPIOPinTypeGPIOInput    
00000a93  GPIOPinTypeGPIOOutput   
00000b0b  GPIOPinWrite            
00000af9  ResetISR                
UNDEFED   SHT$$INIT_ARRAY$$Base   
UNDEFED   SHT$$INIT_ARRAY$$Limit  
00000671  SysCtlClockSet          
00000b11  SysCtlDelay             
00000a35  SysCtlPeripheralEnable  
20000200  __STACK_END             
00000200  __STACK_SIZE            
20000200  __STACK_TOP             
00000b3c  __TI_CINIT_Base         
00000b44  __TI_CINIT_Limit        
00000b34  __TI_Handler_Table_Base 
00000b3c  __TI_Handler_Table_Limit
0000087d  __TI_auto_init          
20000218  __TI_cleanup_ptr        
00000aeb  __TI_decompress_none    
00000b17  __TI_decompress_rle24   
2000021c  __TI_dtors_ptr          
00000000  __TI_static_base__      
00000801  __aeabi_memclr          
00000801  __aeabi_memclr4         
00000801  __aeabi_memclr8         
00000765  __aeabi_memcpy          
00000765  __aeabi_memcpy4         
00000765  __aeabi_memcpy8         
00000803  __aeabi_memset          
00000803  __aeabi_memset4         
00000803  __aeabi_memset8         
ffffffff  __binit__               
ffffffff  __c_args__              
20000000  __stack                 
00000aad  _args_main              
00000955  _c_int00                
20000210  _lock                   
00000ad3  _nop                    
00000acb  _register_lock          
00000ac5  _register_unlock        
00000b1d  _system_pre_init        
20000214  _unlock                 
000009f5  abort                   
2000020a  add                     
20000200  binaryCount             
ffffffff  binit                   
0000033b  blueBlink               
000009a5  copy_in                 
00000331  delay                   
000009fd  exit                    
00000000  g_pfnVectors            
000002f9  hardwareInit            
0000026d  inputPortConfig         
00000379  main                    
20000220  main_func_sp            
00000765  memcpy                  
00000809  memset                  
2000020e  mul                     
20000206  operand1                
20000208  operand2                
20000204  operationCode           
000002dd  outputPortConfig        
2000020c  sub                     
20000202  toggleCount             


GLOBAL SYMBOLS: SORTED BY Symbol Address 

address   name                    
-------   ----                    
00000000  __TI_static_base__      
00000000  g_pfnVectors            
00000200  __STACK_SIZE            
0000026d  inputPortConfig         
000002dd  outputPortConfig        
000002f9  hardwareInit            
00000331  delay                   
0000033b  blueBlink               
00000379  main                    
0000053d  GPIOPadConfigSet        
00000671  SysCtlClockSet          
00000765  __aeabi_memcpy          
00000765  __aeabi_memcpy4         
00000765  __aeabi_memcpy8         
00000765  memcpy                  
00000801  __aeabi_memclr          
00000801  __aeabi_memclr4         
00000801  __aeabi_memclr8         
00000803  __aeabi_memset          
00000803  __aeabi_memset4         
00000803  __aeabi_memset8         
00000809  memset                  
0000087d  __TI_auto_init          
00000955  _c_int00                
000009a5  copy_in                 
000009f1  C$$EXIT                 
000009f5  abort                   
000009fd  exit                    
00000a35  SysCtlPeripheralEnable  
00000a69  GPIODirModeSet          
00000a93  GPIOPinTypeGPIOOutput   
00000aad  _args_main              
00000ac5  _register_unlock        
00000acb  _register_lock          
00000ad3  _nop                    
00000ad9  GPIOPinTypeGPIOInput    
00000aeb  __TI_decompress_none    
00000af9  ResetISR                
00000b05  GPIOPinRead             
00000b0b  GPIOPinWrite            
00000b11  SysCtlDelay             
00000b17  __TI_decompress_rle24   
00000b1d  _system_pre_init        
00000b34  __TI_Handler_Table_Base 
00000b3c  __TI_CINIT_Base         
00000b3c  __TI_Handler_Table_Limit
00000b44  __TI_CINIT_Limit        
20000000  __stack                 
20000200  __STACK_END             
20000200  __STACK_TOP             
20000200  binaryCount             
20000202  toggleCount             
20000204  operationCode           
20000206  operand1                
20000208  operand2                
2000020a  add                     
2000020c  sub                     
2000020e  mul                     
20000210  _lock                   
20000214  _unlock                 
20000218  __TI_cleanup_ptr        
2000021c  __TI_dtors_ptr          
20000220  main_func_sp            
ffffffff  __binit__               
ffffffff  __c_args__              
ffffffff  binit                   
UNDEFED   SHT$$INIT_ARRAY$$Base   
UNDEFED   SHT$$INIT_ARRAY$$Limit  

[68 symbols]
