******************************************************************************
                  TI ARM Linker Unix v5.2.5                    
******************************************************************************
>> Linked Mon Mar  7 02:14:02 2016

OUTPUT FILE NAME:   <Lab4A_ADC.out>
ENTRY POINT SYMBOL: "_c_int00"  address: 00000af5


MEMORY CONFIGURATION

         name            origin    length      used     unused   attr    fill
----------------------  --------  ---------  --------  --------  ----  --------
  FLASH                 00000000   00040000  00000d96  0003f26a  R  X
  SRAM                  20000000   00008000  00000214  00007dec  RW X


SEGMENT ALLOCATION MAP

run origin  load origin   length   init length attrs members
----------  ----------- ---------- ----------- ----- -------
00000000    00000000    00000d98   00000d98    r-x
  00000000    00000000    0000026c   0000026c    r-- .intvecs
  0000026c    0000026c    00000b0a   00000b0a    r-x .text
  00000d78    00000d78    00000020   00000020    r-- .cinit
20000000    20000000    00000214   00000000    rw-
  20000000    20000000    00000200   00000000    rw- .stack
  20000200    20000200    00000014   00000000    rw- .data


SECTION ALLOCATION MAP

 output                                  attributes/
section   page    origin      length       input sections
--------  ----  ----------  ----------   ----------------
.intvecs   0    00000000    0000026c     
                  00000000    0000026c     tm4c123gh6pm_startup_ccs.obj (.intvecs)

.text      0    0000026c    00000b0a     
                  0000026c    000002c0     lcd.obj (.text)
                  0000052c    00000138     ADC_POT.obj (.text)
                  00000664    00000132     driverlib.lib : gpio.obj (.text:GPIOPadConfigSet)
                  00000796    00000002     --HOLE-- [fill = 0]
                  00000798    000000f4                   : sysctl.obj (.text:SysCtlClockSet)
                  0000088c    0000009c     rtsv7M4_T_le_v4SPD16_eabi.lib : memcpy_t2.obj (.text)
                  00000928    0000007a     driverlib.lib : adc.obj (.text:ADCSequenceStepConfigure)
                  000009a2    0000007a     rtsv7M4_T_le_v4SPD16_eabi.lib : memset_t2.obj (.text)
                  00000a1c    0000006c                                   : autoinit.obj (.text)
                  00000a88    0000006a                                   : copy_decompress_rle.obj (.text)
                  00000af2    00000002     --HOLE-- [fill = 0]
                  00000af4    00000050                                   : boot.obj (.text)
                  00000b44    0000004c                                   : cpy_tbl.obj (.text)
                  00000b90    00000044                                   : exit.obj (.text)
                  00000bd4    0000003e     driverlib.lib : adc.obj (.text:ADCSequenceConfigure)
                  00000c12    00000002     --HOLE-- [fill = 0]
                  00000c14    00000034                   : sysctl.obj (.text:SysCtlPeripheralEnable)
                  00000c48    0000002e                   : adc.obj (.text:ADCIntStatus)
                  00000c76    0000002a                   : gpio.obj (.text:GPIODirModeSet)
                  00000ca0    0000001e                   : adc.obj (.text:ADCSequenceDataGet)
                  00000cbe    00000018                   : adc.obj (.text:ADCProcessorTrigger)
                  00000cd6    00000018                   : gpio.obj (.text:GPIOPinTypeGPIOOutput)
                  00000cee    00000002     --HOLE-- [fill = 0]
                  00000cf0    00000018     rtsv7M4_T_le_v4SPD16_eabi.lib : args_main.obj (.text)
                  00000d08    00000014                                   : _lock.obj (.text)
                  00000d1c    00000012     driverlib.lib : gpio.obj (.text:GPIOPinTypeGPIOInput)
                  00000d2e    0000000e                   : adc.obj (.text:ADCSequenceEnable)
                  00000d3c    0000000e     rtsv7M4_T_le_v4SPD16_eabi.lib : copy_decompress_none.obj (.text:decompress:none)
                  00000d4a    0000000c     tm4c123gh6pm_startup_ccs.obj (.text)
                  00000d56    0000000a     driverlib.lib : adc.obj (.text:ADCIntClear)
                  00000d60    00000006                   : gpio.obj (.text:GPIOPinWrite)
                  00000d66    00000006                   : sysctl.obj (.text:SysCtlDelay)
                  00000d6c    00000006     rtsv7M4_T_le_v4SPD16_eabi.lib : copy_decompress_rle.obj (.text:decompress:rle24)
                  00000d72    00000004                                   : pre_init.obj (.text)

.cinit     0    00000d78    00000020     
                  00000d78    0000000f     (.cinit..data.load) [load image, compression = rle]
                  00000d87    00000001     --HOLE-- [fill = 0]
                  00000d88    00000008     (__TI_handler_table)
                  00000d90    00000008     (__TI_cinit_table)

.init_array 
*          0    00000000    00000000     UNINITIALIZED

.data      0    20000200    00000014     UNINITIALIZED
                  20000200    00000008     rtsv7M4_T_le_v4SPD16_eabi.lib : _lock.obj (.data)
                  20000208    00000008                                   : exit.obj (.data)
                  20000210    00000004                                   : stkdepth_vars.obj (.data)

.stack     0    20000000    00000200     UNINITIALIZED
                  20000000    00000200     --HOLE--

.TI.persistent 
*          0    20000200    00000000     UNINITIALIZED


LINKER GENERATED COPY TABLES

__TI_cinit_table @ 00000d90 records: 1, size/record: 8, table size: 8
	.data: load addr=00000d78, load size=0000000f bytes, run addr=20000200, run size=00000014 bytes, compression=rle


LINKER GENERATED HANDLER TABLE

__TI_handler_table @ 00000d88 records: 2, size/record: 4, table size: 8
	index: 0, handler: __TI_decompress_rle24
	index: 1, handler: __TI_decompress_none


GLOBAL SYMBOLS: SORTED ALPHABETICALLY BY Name 

address   name                    
-------   ----                    
00000d57  ADCIntClear             
00000c49  ADCIntStatus            
00000cbf  ADCProcessorTrigger     
00000bd5  ADCSequenceConfigure    
00000ca1  ADCSequenceDataGet      
00000d2f  ADCSequenceEnable       
00000929  ADCSequenceStepConfigure
00000b91  C$$EXIT                 
00000c77  GPIODirModeSet          
00000665  GPIOPadConfigSet        
00000d1d  GPIOPinTypeGPIOInput    
00000cd7  GPIOPinTypeGPIOOutput   
00000d61  GPIOPinWrite            
00000d4b  ResetISR                
UNDEFED   SHT$$INIT_ARRAY$$Base   
UNDEFED   SHT$$INIT_ARRAY$$Limit  
00000799  SysCtlClockSet          
00000d67  SysCtlDelay             
00000c15  SysCtlPeripheralEnable  
20000200  __STACK_END             
00000200  __STACK_SIZE            
20000200  __STACK_TOP             
00000d90  __TI_CINIT_Base         
00000d98  __TI_CINIT_Limit        
00000d88  __TI_Handler_Table_Base 
00000d90  __TI_Handler_Table_Limit
00000a1d  __TI_auto_init          
20000208  __TI_cleanup_ptr        
00000d3d  __TI_decompress_none    
00000d6d  __TI_decompress_rle24   
2000020c  __TI_dtors_ptr          
00000000  __TI_static_base__      
000009a3  __aeabi_memclr          
000009a3  __aeabi_memclr4         
000009a3  __aeabi_memclr8         
0000088d  __aeabi_memcpy          
0000088d  __aeabi_memcpy4         
0000088d  __aeabi_memcpy8         
000009a5  __aeabi_memset          
000009a5  __aeabi_memset4         
000009a5  __aeabi_memset8         
ffffffff  __binit__               
ffffffff  __c_args__              
20000000  __stack                 
00000cf1  _args_main              
00000af5  _c_int00                
20000200  _lock                   
00000d17  _nop                    
00000d0f  _register_lock          
00000d09  _register_unlock        
00000d73  _system_pre_init        
20000204  _unlock                 
00000b95  abort                   
ffffffff  binit                   
00000b45  copy_in                 
00000551  delay                   
00000b9d  exit                    
00000000  g_pfnVectors            
0000052d  hardware_init           
00000311  lcd_char                
000002cd  lcd_command             
00000371  lcd_cursor              
00000293  lcd_init                
0000026d  lcd_portconfig          
000003a9  lcd_print               
00000355  lcd_string              
00000565  main                    
20000210  main_func_sp            
0000088d  memcpy                  
000009ab  memset                  


GLOBAL SYMBOLS: SORTED BY Symbol Address 

address   name                    
-------   ----                    
00000000  __TI_static_base__      
00000000  g_pfnVectors            
00000200  __STACK_SIZE            
0000026d  lcd_portconfig          
00000293  lcd_init                
000002cd  lcd_command             
00000311  lcd_char                
00000355  lcd_string              
00000371  lcd_cursor              
000003a9  lcd_print               
0000052d  hardware_init           
00000551  delay                   
00000565  main                    
00000665  GPIOPadConfigSet        
00000799  SysCtlClockSet          
0000088d  __aeabi_memcpy          
0000088d  __aeabi_memcpy4         
0000088d  __aeabi_memcpy8         
0000088d  memcpy                  
00000929  ADCSequenceStepConfigure
000009a3  __aeabi_memclr          
000009a3  __aeabi_memclr4         
000009a3  __aeabi_memclr8         
000009a5  __aeabi_memset          
000009a5  __aeabi_memset4         
000009a5  __aeabi_memset8         
000009ab  memset                  
00000a1d  __TI_auto_init          
00000af5  _c_int00                
00000b45  copy_in                 
00000b91  C$$EXIT                 
00000b95  abort                   
00000b9d  exit                    
00000bd5  ADCSequenceConfigure    
00000c15  SysCtlPeripheralEnable  
00000c49  ADCIntStatus            
00000c77  GPIODirModeSet          
00000ca1  ADCSequenceDataGet      
00000cbf  ADCProcessorTrigger     
00000cd7  GPIOPinTypeGPIOOutput   
00000cf1  _args_main              
00000d09  _register_unlock        
00000d0f  _register_lock          
00000d17  _nop                    
00000d1d  GPIOPinTypeGPIOInput    
00000d2f  ADCSequenceEnable       
00000d3d  __TI_decompress_none    
00000d4b  ResetISR                
00000d57  ADCIntClear             
00000d61  GPIOPinWrite            
00000d67  SysCtlDelay             
00000d6d  __TI_decompress_rle24   
00000d73  _system_pre_init        
00000d88  __TI_Handler_Table_Base 
00000d90  __TI_CINIT_Base         
00000d90  __TI_Handler_Table_Limit
00000d98  __TI_CINIT_Limit        
20000000  __stack                 
20000200  __STACK_END             
20000200  __STACK_TOP             
20000200  _lock                   
20000204  _unlock                 
20000208  __TI_cleanup_ptr        
2000020c  __TI_dtors_ptr          
20000210  main_func_sp            
ffffffff  __binit__               
ffffffff  __c_args__              
ffffffff  binit                   
UNDEFED   SHT$$INIT_ARRAY$$Base   
UNDEFED   SHT$$INIT_ARRAY$$Limit  

[70 symbols]
