******************************************************************************
                  TI ARM Linker Unix v5.2.5                    
******************************************************************************
>> Linked Mon Feb 15 16:13:24 2016

OUTPUT FILE NAME:   <EE712_Lab3-reaction_timer.out>
ENTRY POINT SYMBOL: "_c_int00"  address: 00000df1


MEMORY CONFIGURATION

         name            origin    length      used     unused   attr    fill
----------------------  --------  ---------  --------  --------  ----  --------
  FLASH                 00000000   00040000  00001100  0003ef00  R  X
  SRAM                  20000000   00008000  00000215  00007deb  RW X


SEGMENT ALLOCATION MAP

run origin  load origin   length   init length attrs members
----------  ----------- ---------- ----------- ----- -------
00000000    00000000    00001100   00001100    r-x
  00000000    00000000    0000026c   0000026c    r-- .intvecs
  0000026c    0000026c    00000d98   00000d98    r-x .text
  00001004    00001004    000000dc   000000dc    r-- .const
  000010e0    000010e0    00000020   00000020    r-- .cinit
20000000    20000000    00000215   00000000    rw-
  20000000    20000000    00000200   00000000    rw- .stack
  20000200    20000200    00000015   00000000    rw- .data


SECTION ALLOCATION MAP

 output                                  attributes/
section   page    origin      length       input sections
--------  ----  ----------  ----------   ----------------
.intvecs   0    00000000    0000026c     
                  00000000    0000026c     tm4c123gh6pm_startup_ccs.obj (.intvecs)

.text      0    0000026c    00000d98     
                  0000026c    00000594     SwitchLCD.obj (.text)
                  00000800    00000132     driverlib.lib : gpio.obj (.text:GPIOPadConfigSet)
                  00000932    00000002     --HOLE-- [fill = 0]
                  00000934    00000110                   : sysctl.obj (.text:SysCtlClockGet)
                  00000a44    000000f4                   : sysctl.obj (.text:SysCtlClockSet)
                  00000b38    0000009c     rtsv7M4_T_le_v4SPD16_eabi.lib : memcpy_t2.obj (.text)
                  00000bd4    0000007a                                   : memset_t2.obj (.text)
                  00000c4e    00000002     --HOLE-- [fill = 0]
                  00000c50    0000006c                                   : autoinit.obj (.text)
                  00000cbc    0000006a                                   : copy_decompress_rle.obj (.text)
                  00000d26    00000002     --HOLE-- [fill = 0]
                  00000d28    00000068     driverlib.lib : interrupt.obj (.text:IntEnable)
                  00000d90    00000060                   : timer.obj (.text:TimerConfigure)
                  00000df0    00000050     rtsv7M4_T_le_v4SPD16_eabi.lib : boot.obj (.text)
                  00000e40    0000004c                                   : cpy_tbl.obj (.text)
                  00000e8c    00000044                                   : exit.obj (.text)
                  00000ed0    00000034     driverlib.lib : sysctl.obj (.text:SysCtlPeripheralEnable)
                  00000f04    0000002a                   : gpio.obj (.text:GPIODirModeSet)
                  00000f2e    00000018                   : gpio.obj (.text:GPIOPinTypeGPIOOutput)
                  00000f46    00000002     --HOLE-- [fill = 0]
                  00000f48    00000018     rtsv7M4_T_le_v4SPD16_eabi.lib : args_main.obj (.text)
                  00000f60    00000014                                   : _lock.obj (.text)
                  00000f74    00000012     driverlib.lib : gpio.obj (.text:GPIOPinTypeGPIOInput)
                  00000f86    00000012                   : timer.obj (.text:TimerLoadSet)
                  00000f98    00000010                   : interrupt.obj (.text:IntMasterEnable)
                  00000fa8    0000000e                   : timer.obj (.text:TimerEnable)
                  00000fb6    0000000e     rtsv7M4_T_le_v4SPD16_eabi.lib : copy_decompress_none.obj (.text:decompress:none)
                  00000fc4    0000000c     driverlib.lib : cpu.obj (.text:CPUcpsie)
                  00000fd0    0000000c     tm4c123gh6pm_startup_ccs.obj (.text)
                  00000fdc    00000008     driverlib.lib : timer.obj (.text:TimerIntEnable)
                  00000fe4    00000006                   : gpio.obj (.text:GPIOPinRead)
                  00000fea    00000006                   : gpio.obj (.text:GPIOPinWrite)
                  00000ff0    00000006                   : sysctl.obj (.text:SysCtlDelay)
                  00000ff6    00000006     rtsv7M4_T_le_v4SPD16_eabi.lib : copy_decompress_rle.obj (.text:decompress:rle24)
                  00000ffc    00000004     driverlib.lib : timer.obj (.text:TimerIntClear)
                  00001000    00000004     rtsv7M4_T_le_v4SPD16_eabi.lib : pre_init.obj (.text)

.const     0    00001004    000000dc     
                  00001004    00000070     driverlib.lib : interrupt.obj (.const)
                  00001074    0000006c                   : sysctl.obj (.const:g_pui32Xtals)

.cinit     0    000010e0    00000020     
                  000010e0    0000000f     (.cinit..data.load) [load image, compression = rle]
                  000010ef    00000001     --HOLE-- [fill = 0]
                  000010f0    00000008     (__TI_handler_table)
                  000010f8    00000008     (__TI_cinit_table)

.init_array 
*          0    00000000    00000000     UNINITIALIZED

.data      0    20000200    00000015     UNINITIALIZED
                  20000200    00000008     rtsv7M4_T_le_v4SPD16_eabi.lib : _lock.obj (.data)
                  20000208    00000008                                   : exit.obj (.data)
                  20000210    00000004                                   : stkdepth_vars.obj (.data)
                  20000214    00000001     SwitchLCD.obj (.data)

.stack     0    20000000    00000200     UNINITIALIZED
                  20000000    00000200     --HOLE--

.TI.persistent 
*          0    20000200    00000000     UNINITIALIZED


LINKER GENERATED COPY TABLES

__TI_cinit_table @ 000010f8 records: 1, size/record: 8, table size: 8
	.data: load addr=000010e0, load size=0000000f bytes, run addr=20000200, run size=00000015 bytes, compression=rle


LINKER GENERATED HANDLER TABLE

__TI_handler_table @ 000010f0 records: 2, size/record: 4, table size: 8
	index: 0, handler: __TI_decompress_rle24
	index: 1, handler: __TI_decompress_none


GLOBAL SYMBOLS: SORTED ALPHABETICALLY BY Name 

address   name                    
-------   ----                    
00000e8d  C$$EXIT                 
00000fc5  CPUcpsie                
00000f05  GPIODirModeSet          
00000801  GPIOPadConfigSet        
00000fe5  GPIOPinRead             
00000f75  GPIOPinTypeGPIOInput    
00000f2f  GPIOPinTypeGPIOOutput   
00000feb  GPIOPinWrite            
00000d29  IntEnable               
00000f99  IntMasterEnable         
00000425  LCD_INIT                
00000fd1  ResetISR                
UNDEFED   SHT$$INIT_ARRAY$$Base   
UNDEFED   SHT$$INIT_ARRAY$$Limit  
00000935  SysCtlClockGet          
00000a45  SysCtlClockSet          
00000ff1  SysCtlDelay             
00000ed1  SysCtlPeripheralEnable  
UNDEFED   Timer0IntHandler        
0000040f  Timer2IntHandler        
00000d91  TimerConfigure          
00000fa9  TimerEnable             
00000ffd  TimerIntClear           
00000fdd  TimerIntEnable          
00000f87  TimerLoadSet            
20000200  __STACK_END             
00000200  __STACK_SIZE            
20000200  __STACK_TOP             
000010f8  __TI_CINIT_Base         
00001100  __TI_CINIT_Limit        
000010f0  __TI_Handler_Table_Base 
000010f8  __TI_Handler_Table_Limit
00000c51  __TI_auto_init          
20000208  __TI_cleanup_ptr        
00000fb7  __TI_decompress_none    
00000ff7  __TI_decompress_rle24   
2000020c  __TI_dtors_ptr          
00000000  __TI_static_base__      
00000bd5  __aeabi_memclr          
00000bd5  __aeabi_memclr4         
00000bd5  __aeabi_memclr8         
00000b39  __aeabi_memcpy          
00000b39  __aeabi_memcpy4         
00000b39  __aeabi_memcpy8         
00000bd7  __aeabi_memset          
00000bd7  __aeabi_memset4         
00000bd7  __aeabi_memset8         
ffffffff  __binit__               
ffffffff  __c_args__              
20000000  __stack                 
00000f49  _args_main              
00000df1  _c_int00                
20000200  _lock                   
00000f6f  _nop                    
00000f67  _register_lock          
00000f61  _register_unlock        
00001001  _system_pre_init        
20000204  _unlock                 
00000e91  abort                   
ffffffff  binit                   
00000579  blinkPortE              
00000e41  copy_in                 
000005c5  delay                   
0000056d  enable_timer2           
00000e99  exit                    
00000000  g_pfnVectors            
000004cf  hardware_init           
0000044f  lcd_command             
00000481  lcd_data                
0000066d  lcd_print               
000007c5  lcd_reset_EN            
000007a5  lcd_reset_RS            
000007b5  lcd_reset_RW            
00000795  lcd_set_EN              
0000076d  lcd_set_RS              
0000077d  lcd_set_RW              
000004b3  lcd_writes              
000005a1  ledToggle               
0000026d  main                    
20000210  main_func_sp            
00000b39  memcpy                  
00000bdd  memset                  
000003df  switch_pressed          
20000214  time_counter            
00000531  timer2_init             


GLOBAL SYMBOLS: SORTED BY Symbol Address 

address   name                    
-------   ----                    
00000000  __TI_static_base__      
00000000  g_pfnVectors            
00000200  __STACK_SIZE            
0000026d  main                    
000003df  switch_pressed          
0000040f  Timer2IntHandler        
00000425  LCD_INIT                
0000044f  lcd_command             
00000481  lcd_data                
000004b3  lcd_writes              
000004cf  hardware_init           
00000531  timer2_init             
0000056d  enable_timer2           
00000579  blinkPortE              
000005a1  ledToggle               
000005c5  delay                   
0000066d  lcd_print               
0000076d  lcd_set_RS              
0000077d  lcd_set_RW              
00000795  lcd_set_EN              
000007a5  lcd_reset_RS            
000007b5  lcd_reset_RW            
000007c5  lcd_reset_EN            
00000801  GPIOPadConfigSet        
00000935  SysCtlClockGet          
00000a45  SysCtlClockSet          
00000b39  __aeabi_memcpy          
00000b39  __aeabi_memcpy4         
00000b39  __aeabi_memcpy8         
00000b39  memcpy                  
00000bd5  __aeabi_memclr          
00000bd5  __aeabi_memclr4         
00000bd5  __aeabi_memclr8         
00000bd7  __aeabi_memset          
00000bd7  __aeabi_memset4         
00000bd7  __aeabi_memset8         
00000bdd  memset                  
00000c51  __TI_auto_init          
00000d29  IntEnable               
00000d91  TimerConfigure          
00000df1  _c_int00                
00000e41  copy_in                 
00000e8d  C$$EXIT                 
00000e91  abort                   
00000e99  exit                    
00000ed1  SysCtlPeripheralEnable  
00000f05  GPIODirModeSet          
00000f2f  GPIOPinTypeGPIOOutput   
00000f49  _args_main              
00000f61  _register_unlock        
00000f67  _register_lock          
00000f6f  _nop                    
00000f75  GPIOPinTypeGPIOInput    
00000f87  TimerLoadSet            
00000f99  IntMasterEnable         
00000fa9  TimerEnable             
00000fb7  __TI_decompress_none    
00000fc5  CPUcpsie                
00000fd1  ResetISR                
00000fdd  TimerIntEnable          
00000fe5  GPIOPinRead             
00000feb  GPIOPinWrite            
00000ff1  SysCtlDelay             
00000ff7  __TI_decompress_rle24   
00000ffd  TimerIntClear           
00001001  _system_pre_init        
000010f0  __TI_Handler_Table_Base 
000010f8  __TI_CINIT_Base         
000010f8  __TI_Handler_Table_Limit
00001100  __TI_CINIT_Limit        
20000000  __stack                 
20000200  __STACK_END             
20000200  __STACK_TOP             
20000200  _lock                   
20000204  _unlock                 
20000208  __TI_cleanup_ptr        
2000020c  __TI_dtors_ptr          
20000210  main_func_sp            
20000214  time_counter            
ffffffff  __binit__               
ffffffff  __c_args__              
ffffffff  binit                   
UNDEFED   SHT$$INIT_ARRAY$$Base   
UNDEFED   SHT$$INIT_ARRAY$$Limit  
UNDEFED   Timer0IntHandler        

[85 symbols]
