******************************************************************************
                  TI ARM Linker Unix v5.2.5                    
******************************************************************************
>> Linked Mon Feb  1 14:54:23 2016

OUTPUT FILE NAME:   <Lab-1.out>
ENTRY POINT SYMBOL: "_c_int00"  address: 0000188d


MEMORY CONFIGURATION

         name            origin    length      used     unused   attr    fill
----------------------  --------  ---------  --------  --------  ----  --------
  FLASH                 00000000   00040000  00001d58  0003e2a8  R  X
  SRAM                  20000000   00008000  000003c0  00007c40  RW X


SEGMENT ALLOCATION MAP

run origin  load origin   length   init length attrs members
----------  ----------- ---------- ----------- ----- -------
00000000    00000000    00001d5c   00001d5c    r-x
  00000000    00000000    0000026c   0000026c    r-- .intvecs
  0000026c    0000026c    000019c8   000019c8    r-x .text
  00001c38    00001c38    000000b0   000000b0    r-- .const
  00001ce8    00001ce8    00000074   00000074    r-- .cinit
20000000    20000000    000003c0   00000000    rw-
  20000000    20000000    00000200   00000000    rw- .stack
  20000200    20000200    000001c0   00000000    rw- .data


SECTION ALLOCATION MAP

 output                                  attributes/
section   page    origin      length       input sections
--------  ----  ----------  ----------   ----------------
.intvecs   0    00000000    0000026c     
                  00000000    0000026c     tm4c123gh6pm_startup_ccs.obj (.intvecs)

.text      0    0000026c    000019c8     
                  0000026c    00000498     rtsv7M4_T_le_v4SPD16_eabi.lib : pow.obj (.text)
                  00000704    000002ec                                   : xlog.obj (.text)
                  000009f0    000001fc                                   : xexp.obj (.text)
                  00000bec    000001b6                                   : fd_add_t2.obj (.text)
                  00000da2    00000136                                   : fd_div_t2.obj (.text)
                  00000ed8    00000132     driverlib.lib : gpio.obj (.text:GPIOPadConfigSet)
                  0000100a    00000002     --HOLE-- [fill = 0]
                  0000100c    00000128     Lab1-HW1b.obj (.text)
                  00001134    00000110     rtsv7M4_T_le_v4SPD16_eabi.lib : xdscale.obj (.text)
                  00001244    000000fc                                   : fd_mul_t2.obj (.text)
                  00001340    000000f4     driverlib.lib : sysctl.obj (.text:SysCtlClockSet)
                  00001434    000000c0     rtsv7M4_T_le_v4SPD16_eabi.lib : xdint.obj (.text)
                  000014f4    000000be                                   : xdnorm.obj (.text)
                  000015b2    0000009c                                   : memcpy_t2.obj (.text)
                  0000164e    00000086                                   : fd_cmp_t2.obj (.text:__aeabi_cdcmple)
                  000016d4    0000007a                                   : memset_t2.obj (.text)
                  0000174e    00000002     --HOLE-- [fill = 0]
                  00001750    0000006c                                   : autoinit.obj (.text)
                  000017bc    0000006a                                   : copy_decompress_rle.obj (.text)
                  00001826    00000066                                   : xdunscal.obj (.text)
                  0000188c    00000050                                   : boot.obj (.text)
                  000018dc    0000004c                                   : cpy_tbl.obj (.text)
                  00001928    00000048                                   : fd_toi_t2.obj (.text)
                  00001970    00000044                                   : exit.obj (.text)
                  000019b4    00000044                                   : fd_tou_t2.obj (.text)
                  000019f8    00000040                                   : signal.obj (.text)
                  00001a38    00000038                                   : fs_tod_t2.obj (.text)
                  00001a70    00000034     driverlib.lib : sysctl.obj (.text:SysCtlPeripheralEnable)
                  00001aa4    00000034     rtsv7M4_T_le_v4SPD16_eabi.lib : feraiseexcept.obj (.text)
                  00001ad8    00000030                                   : xferaise.obj (.text)
                  00001b08    0000002e                                   : i_tofd_t2.obj (.text)
                  00001b36    0000002e                                   : raise.obj (.text)
                  00001b64    0000002a     driverlib.lib : gpio.obj (.text:GPIODirModeSet)
                  00001b8e    0000001a     rtsv7M4_T_le_v4SPD16_eabi.lib : log.obj (.text)
                  00001ba8    00000018     driverlib.lib : gpio.obj (.text:GPIOPinTypeGPIOOutput)
                  00001bc0    00000018     rtsv7M4_T_le_v4SPD16_eabi.lib : args_main.obj (.text)
                  00001bd8    00000014                                   : _lock.obj (.text)
                  00001bec    00000012     driverlib.lib : gpio.obj (.text:GPIOPinTypeGPIOInput)
                  00001bfe    0000000e     rtsv7M4_T_le_v4SPD16_eabi.lib : copy_decompress_none.obj (.text:decompress:none)
                  00001c0c    0000000c     tm4c123gh6pm_startup_ccs.obj (.text)
                  00001c18    00000006     driverlib.lib : gpio.obj (.text:GPIOPinRead)
                  00001c1e    00000006                   : gpio.obj (.text:GPIOPinWrite)
                  00001c24    00000006                   : sysctl.obj (.text:SysCtlDelay)
                  00001c2a    00000006     rtsv7M4_T_le_v4SPD16_eabi.lib : copy_decompress_rle.obj (.text:decompress:rle24)
                  00001c30    00000004                                   : pre_init.obj (.text)

.const     0    00001c38    000000b0     
                  00001c38    00000048     rtsv7M4_T_le_v4SPD16_eabi.lib : xexp.obj (.const)
                  00001c80    00000038                                   : xlog.obj (.const:p)
                  00001cb8    00000030                                   : xdint.obj (.const)

.cinit     0    00001ce8    00000074     
                  00001ce8    00000063     (.cinit..data.load) [load image, compression = rle]
                  00001d4b    00000001     --HOLE-- [fill = 0]
                  00001d4c    00000008     (__TI_handler_table)
                  00001d54    00000008     (__TI_cinit_table)

.init_array 
*          0    00000000    00000000     UNINITIALIZED

.data      0    20000200    000001c0     UNINITIALIZED
                  20000200    000000b0     rtsv7M4_T_le_v4SPD16_eabi.lib : signal.obj (.data:sigtable)
                  200002b0    00000080                                   : xvalues.obj (.data)
                  20000330    00000068                                   : xfvalues.obj (.data)
                  20000398    00000008     Lab1-HW1b.obj (.data)
                  200003a0    00000008     rtsv7M4_T_le_v4SPD16_eabi.lib : _lock.obj (.data)
                  200003a8    00000008                                   : exit.obj (.data)
                  200003b0    00000008                                   : feraiseexcept.obj (.data)
                  200003b8    00000004                                   : errno.obj (.data)
                  200003bc    00000004                                   : stkdepth_vars.obj (.data)

.stack     0    20000000    00000200     UNINITIALIZED
                  20000000    00000200     --HOLE--

.TI.persistent 
*          0    20000200    00000000     UNINITIALIZED


LINKER GENERATED COPY TABLES

__TI_cinit_table @ 00001d54 records: 1, size/record: 8, table size: 8
	.data: load addr=00001ce8, load size=00000063 bytes, run addr=20000200, run size=000001c0 bytes, compression=rle


LINKER GENERATED HANDLER TABLE

__TI_handler_table @ 00001d4c records: 2, size/record: 4, table size: 8
	index: 0, handler: __TI_decompress_rle24
	index: 1, handler: __TI_decompress_none


GLOBAL SYMBOLS: SORTED ALPHABETICALLY BY Name 

address   name                    
-------   ----                    
00001971  C$$EXIT                 
00001b65  GPIODirModeSet          
00000ed9  GPIOPadConfigSet        
00001c19  GPIOPinRead             
00001bed  GPIOPinTypeGPIOInput    
00001ba9  GPIOPinTypeGPIOOutput   
00001c1f  GPIOPinWrite            
00001c0d  ResetISR                
UNDEFED   SHT$$INIT_ARRAY$$Base   
UNDEFED   SHT$$INIT_ARRAY$$Limit  
00001341  SysCtlClockSet          
00001c25  SysCtlDelay             
00001a71  SysCtlPeripheralEnable  
200002b0  _Denorm                 
00001435  _Dint                   
000014f5  _Dnorm                  
00001135  _Dscale                 
00001827  _Dunscale               
200002c0  _Eps                    
200003b8  _Errno                  
000009f1  _Exp                    
20000330  _FDenorm                
20000340  _FEps                   
20000350  _FInf                   
20000360  _FNan                   
20000380  _FRteps                 
20000370  _FSnan                  
20000390  _FXbig                  
20000394  _FZero                  
200003b0  _Fenv                   
00001ad9  _Feraise                
200002d0  _Hugeval                
200002e0  _Inf                    
00000705  _Log                    
200002f0  _Nan                    
20000310  _Rteps                  
20000300  _Snan                   
200003b4  _Tls_setup__Fenv        
20000320  _Xbig                   
20000328  _Zero                   
20000200  __STACK_END             
00000200  __STACK_SIZE            
20000200  __STACK_TOP             
00001d54  __TI_CINIT_Base         
00001d5c  __TI_CINIT_Limit        
00001d4c  __TI_Handler_Table_Base 
00001d54  __TI_Handler_Table_Limit
00001751  __TI_auto_init          
200003a8  __TI_cleanup_ptr        
00001bff  __TI_decompress_none    
00001c2b  __TI_decompress_rle24   
200003ac  __TI_dtors_ptr          
00000000  __TI_static_base__      
0000164f  __aeabi_cdcmpeq         
0000164f  __aeabi_cdcmple         
00001929  __aeabi_d2iz            
000019b5  __aeabi_d2uiz           
00000bf7  __aeabi_dadd            
00000da3  __aeabi_ddiv            
00001245  __aeabi_dmul            
00000bed  __aeabi_dsub            
00001a39  __aeabi_f2d             
00001b09  __aeabi_i2d             
000016d5  __aeabi_memclr          
000016d5  __aeabi_memclr4         
000016d5  __aeabi_memclr8         
000015b3  __aeabi_memcpy          
000015b3  __aeabi_memcpy4         
000015b3  __aeabi_memcpy8         
000016d7  __aeabi_memset          
000016d7  __aeabi_memset4         
000016d7  __aeabi_memset8         
ffffffff  __binit__               
ffffffff  __c_args__              
20000000  __stack                 
00001bc1  _args_main              
0000188d  _c_int00                
200003a0  _lock                   
00001be7  _nop                    
00001bdf  _register_lock          
00001bd9  _register_unlock        
00001c31  _system_pre_init        
200003a4  _unlock                 
00001975  abort                   
2000039a  binaryCount             
ffffffff  binit                   
000018dd  copy_in                 
0000104f  delay                   
0000197d  exit                    
00001aa5  feraiseexcept           
00000000  g_pfnVectors            
0000100d  hardwareInit            
20000398  i16ToggleCount          
00001b8f  log                     
000010b1  main                    
200003bc  main_func_sp            
000015b3  memcpy                  
000016dd  memset                  
0000026d  pow                     
00001b37  raise                   
00001059  rgbCycle                
000019f9  signal                  
2000039c  switchStatus            
2000039e  toggleCount             


GLOBAL SYMBOLS: SORTED BY Symbol Address 

address   name                    
-------   ----                    
00000000  __TI_static_base__      
00000000  g_pfnVectors            
00000200  __STACK_SIZE            
0000026d  pow                     
00000705  _Log                    
000009f1  _Exp                    
00000bed  __aeabi_dsub            
00000bf7  __aeabi_dadd            
00000da3  __aeabi_ddiv            
00000ed9  GPIOPadConfigSet        
0000100d  hardwareInit            
0000104f  delay                   
00001059  rgbCycle                
000010b1  main                    
00001135  _Dscale                 
00001245  __aeabi_dmul            
00001341  SysCtlClockSet          
00001435  _Dint                   
000014f5  _Dnorm                  
000015b3  __aeabi_memcpy          
000015b3  __aeabi_memcpy4         
000015b3  __aeabi_memcpy8         
000015b3  memcpy                  
0000164f  __aeabi_cdcmpeq         
0000164f  __aeabi_cdcmple         
000016d5  __aeabi_memclr          
000016d5  __aeabi_memclr4         
000016d5  __aeabi_memclr8         
000016d7  __aeabi_memset          
000016d7  __aeabi_memset4         
000016d7  __aeabi_memset8         
000016dd  memset                  
00001751  __TI_auto_init          
00001827  _Dunscale               
0000188d  _c_int00                
000018dd  copy_in                 
00001929  __aeabi_d2iz            
00001971  C$$EXIT                 
00001975  abort                   
0000197d  exit                    
000019b5  __aeabi_d2uiz           
000019f9  signal                  
00001a39  __aeabi_f2d             
00001a71  SysCtlPeripheralEnable  
00001aa5  feraiseexcept           
00001ad9  _Feraise                
00001b09  __aeabi_i2d             
00001b37  raise                   
00001b65  GPIODirModeSet          
00001b8f  log                     
00001ba9  GPIOPinTypeGPIOOutput   
00001bc1  _args_main              
00001bd9  _register_unlock        
00001bdf  _register_lock          
00001be7  _nop                    
00001bed  GPIOPinTypeGPIOInput    
00001bff  __TI_decompress_none    
00001c0d  ResetISR                
00001c19  GPIOPinRead             
00001c1f  GPIOPinWrite            
00001c25  SysCtlDelay             
00001c2b  __TI_decompress_rle24   
00001c31  _system_pre_init        
00001d4c  __TI_Handler_Table_Base 
00001d54  __TI_CINIT_Base         
00001d54  __TI_Handler_Table_Limit
00001d5c  __TI_CINIT_Limit        
20000000  __stack                 
20000200  __STACK_END             
20000200  __STACK_TOP             
200002b0  _Denorm                 
200002c0  _Eps                    
200002d0  _Hugeval                
200002e0  _Inf                    
200002f0  _Nan                    
20000300  _Snan                   
20000310  _Rteps                  
20000320  _Xbig                   
20000328  _Zero                   
20000330  _FDenorm                
20000340  _FEps                   
20000350  _FInf                   
20000360  _FNan                   
20000370  _FSnan                  
20000380  _FRteps                 
20000390  _FXbig                  
20000394  _FZero                  
20000398  i16ToggleCount          
2000039a  binaryCount             
2000039c  switchStatus            
2000039e  toggleCount             
200003a0  _lock                   
200003a4  _unlock                 
200003a8  __TI_cleanup_ptr        
200003ac  __TI_dtors_ptr          
200003b0  _Fenv                   
200003b4  _Tls_setup__Fenv        
200003b8  _Errno                  
200003bc  main_func_sp            
ffffffff  __binit__               
ffffffff  __c_args__              
ffffffff  binit                   
UNDEFED   SHT$$INIT_ARRAY$$Base   
UNDEFED   SHT$$INIT_ARRAY$$Limit  

[104 symbols]
