******************************************************************************
                  TI ARM Linker Unix v5.2.5                    
******************************************************************************
>> Linked Mon Jan 18 02:34:42 2016

OUTPUT FILE NAME:   <Lab-1.out>
ENTRY POINT SYMBOL: "_c_int00"  address: 000018d1


MEMORY CONFIGURATION

         name            origin    length      used     unused   attr    fill
----------------------  --------  ---------  --------  --------  ----  --------
  FLASH                 00000000   00040000  00001d9c  0003e264  R  X
  SRAM                  20000000   00008000  000003c0  00007c40  RW X


SEGMENT ALLOCATION MAP

run origin  load origin   length   init length attrs members
----------  ----------- ---------- ----------- ----- -------
00000000    00000000    00001d9c   00001d9c    r-x
  00000000    00000000    0000026c   0000026c    r-- .intvecs
  0000026c    0000026c    00001a0c   00001a0c    r-x .text
  00001c78    00001c78    000000b0   000000b0    r-- .const
  00001d28    00001d28    00000074   00000074    r-- .cinit
20000000    20000000    000003c0   00000000    rw-
  20000000    20000000    00000200   00000000    rw- .stack
  20000200    20000200    000001c0   00000000    rw- .data


SECTION ALLOCATION MAP

 output                                  attributes/
section   page    origin      length       input sections
--------  ----  ----------  ----------   ----------------
.intvecs   0    00000000    0000026c     
                  00000000    0000026c     tm4c123gh6pm_startup_ccs.obj (.intvecs)

.text      0    0000026c    00001a0c     
                  0000026c    00000498     rtsv7M4_T_le_v4SPD16_eabi.lib : pow.obj (.text)
                  00000704    000002ec                                   : xlog.obj (.text)
                  000009f0    000001fc                                   : xexp.obj (.text)
                  00000bec    000001b6                                   : fd_add_t2.obj (.text)
                  00000da2    00000002     --HOLE-- [fill = 0]
                  00000da4    0000016c     Lab1-HW1b.obj (.text)
                  00000f10    00000136     rtsv7M4_T_le_v4SPD16_eabi.lib : fd_div_t2.obj (.text)
                  00001046    00000132     driverlib.lib : gpio.obj (.text:GPIOPadConfigSet)
                  00001178    00000110     rtsv7M4_T_le_v4SPD16_eabi.lib : xdscale.obj (.text)
                  00001288    000000fc                                   : fd_mul_t2.obj (.text)
                  00001384    000000f4     driverlib.lib : sysctl.obj (.text:SysCtlClockSet)
                  00001478    000000c0     rtsv7M4_T_le_v4SPD16_eabi.lib : xdint.obj (.text)
                  00001538    000000be                                   : xdnorm.obj (.text)
                  000015f6    0000009c                                   : memcpy_t2.obj (.text)
                  00001692    00000086                                   : fd_cmp_t2.obj (.text:__aeabi_cdcmple)
                  00001718    0000007a                                   : memset_t2.obj (.text)
                  00001792    00000002     --HOLE-- [fill = 0]
                  00001794    0000006c                                   : autoinit.obj (.text)
                  00001800    0000006a                                   : copy_decompress_rle.obj (.text)
                  0000186a    00000066                                   : xdunscal.obj (.text)
                  000018d0    00000050                                   : boot.obj (.text)
                  00001920    0000004c                                   : cpy_tbl.obj (.text)
                  0000196c    00000048                                   : fd_toi_t2.obj (.text)
                  000019b4    00000044                                   : exit.obj (.text)
                  000019f8    00000044                                   : fd_tou_t2.obj (.text)
                  00001a3c    00000040                                   : signal.obj (.text)
                  00001a7c    00000038                                   : fs_tod_t2.obj (.text)
                  00001ab4    00000034     driverlib.lib : sysctl.obj (.text:SysCtlPeripheralEnable)
                  00001ae8    00000034     rtsv7M4_T_le_v4SPD16_eabi.lib : feraiseexcept.obj (.text)
                  00001b1c    00000030                                   : xferaise.obj (.text)
                  00001b4c    0000002e                                   : i_tofd_t2.obj (.text)
                  00001b7a    0000002e                                   : raise.obj (.text)
                  00001ba8    0000002a     driverlib.lib : gpio.obj (.text:GPIODirModeSet)
                  00001bd2    0000001a     rtsv7M4_T_le_v4SPD16_eabi.lib : log.obj (.text)
                  00001bec    00000018     driverlib.lib : gpio.obj (.text:GPIOPinTypeGPIOOutput)
                  00001c04    00000018     rtsv7M4_T_le_v4SPD16_eabi.lib : args_main.obj (.text)
                  00001c1c    00000014                                   : _lock.obj (.text)
                  00001c30    00000012     driverlib.lib : gpio.obj (.text:GPIOPinTypeGPIOInput)
                  00001c42    0000000e     rtsv7M4_T_le_v4SPD16_eabi.lib : copy_decompress_none.obj (.text:decompress:none)
                  00001c50    0000000c     tm4c123gh6pm_startup_ccs.obj (.text)
                  00001c5c    00000006     driverlib.lib : gpio.obj (.text:GPIOPinRead)
                  00001c62    00000006                   : gpio.obj (.text:GPIOPinWrite)
                  00001c68    00000006                   : sysctl.obj (.text:SysCtlDelay)
                  00001c6e    00000006     rtsv7M4_T_le_v4SPD16_eabi.lib : copy_decompress_rle.obj (.text:decompress:rle24)
                  00001c74    00000004                                   : pre_init.obj (.text)

.const     0    00001c78    000000b0     
                  00001c78    00000048     rtsv7M4_T_le_v4SPD16_eabi.lib : xexp.obj (.const)
                  00001cc0    00000038                                   : xlog.obj (.const:p)
                  00001cf8    00000030                                   : xdint.obj (.const)

.cinit     0    00001d28    00000074     
                  00001d28    00000063     (.cinit..data.load) [load image, compression = rle]
                  00001d8b    00000001     --HOLE-- [fill = 0]
                  00001d8c    00000008     (__TI_handler_table)
                  00001d94    00000008     (__TI_cinit_table)

.init_array 
*          0    00000000    00000000     UNINITIALIZED

.data      0    20000200    000001c0     UNINITIALIZED
                  20000200    000000b0     rtsv7M4_T_le_v4SPD16_eabi.lib : signal.obj (.data:sigtable)
                  200002b0    00000080                                   : xvalues.obj (.data)
                  20000330    00000068                                   : xfvalues.obj (.data)
                  20000398    00000008     Lab1-HW1b.obj (.data)
                  200003a0    00000008     rtsv7M4_T_le_v4SPD16_eabi.lib : _lock.obj (.data)
                  200003a8    00000008                                   : exit.obj (.data)
                  200003b0    00000008                                   : feraiseexcept.obj (.data)
                  200003b8    00000004                                   : errno.obj (.data)
                  200003bc    00000004                                   : stkdepth_vars.obj (.data)

.stack     0    20000000    00000200     UNINITIALIZED
                  20000000    00000200     --HOLE--

.TI.persistent 
*          0    20000200    00000000     UNINITIALIZED


LINKER GENERATED COPY TABLES

__TI_cinit_table @ 00001d94 records: 1, size/record: 8, table size: 8
	.data: load addr=00001d28, load size=00000063 bytes, run addr=20000200, run size=000001c0 bytes, compression=rle


LINKER GENERATED HANDLER TABLE

__TI_handler_table @ 00001d8c records: 2, size/record: 4, table size: 8
	index: 0, handler: __TI_decompress_rle24
	index: 1, handler: __TI_decompress_none


GLOBAL SYMBOLS: SORTED ALPHABETICALLY BY Name 

address   name                    
-------   ----                    
000019b5  C$$EXIT                 
00001ba9  GPIODirModeSet          
00001047  GPIOPadConfigSet        
00001c5d  GPIOPinRead             
00001c31  GPIOPinTypeGPIOInput    
00001bed  GPIOPinTypeGPIOOutput   
00001c63  GPIOPinWrite            
00001c51  ResetISR                
UNDEFED   SHT$$INIT_ARRAY$$Base   
UNDEFED   SHT$$INIT_ARRAY$$Limit  
00001385  SysCtlClockSet          
00001c69  SysCtlDelay             
00001ab5  SysCtlPeripheralEnable  
200002b0  _Denorm                 
00001479  _Dint                   
00001539  _Dnorm                  
00001179  _Dscale                 
0000186b  _Dunscale               
200002c0  _Eps                    
200003b8  _Errno                  
000009f1  _Exp                    
20000330  _FDenorm                
20000340  _FEps                   
20000350  _FInf                   
20000360  _FNan                   
20000380  _FRteps                 
20000370  _FSnan                  
20000390  _FXbig                  
20000394  _FZero                  
200003b0  _Fenv                   
00001b1d  _Feraise                
200002d0  _Hugeval                
200002e0  _Inf                    
00000705  _Log                    
200002f0  _Nan                    
20000310  _Rteps                  
20000300  _Snan                   
200003b4  _Tls_setup__Fenv        
20000320  _Xbig                   
20000328  _Zero                   
20000200  __STACK_END             
00000200  __STACK_SIZE            
20000200  __STACK_TOP             
00001d94  __TI_CINIT_Base         
00001d9c  __TI_CINIT_Limit        
00001d8c  __TI_Handler_Table_Base 
00001d94  __TI_Handler_Table_Limit
00001795  __TI_auto_init          
200003a8  __TI_cleanup_ptr        
00001c43  __TI_decompress_none    
00001c6f  __TI_decompress_rle24   
200003ac  __TI_dtors_ptr          
00000000  __TI_static_base__      
00001693  __aeabi_cdcmpeq         
00001693  __aeabi_cdcmple         
0000196d  __aeabi_d2iz            
000019f9  __aeabi_d2uiz           
00000bf7  __aeabi_dadd            
00000f11  __aeabi_ddiv            
00001289  __aeabi_dmul            
00000bed  __aeabi_dsub            
00001a7d  __aeabi_f2d             
00001b4d  __aeabi_i2d             
00001719  __aeabi_memclr          
00001719  __aeabi_memclr4         
00001719  __aeabi_memclr8         
000015f7  __aeabi_memcpy          
000015f7  __aeabi_memcpy4         
000015f7  __aeabi_memcpy8         
0000171b  __aeabi_memset          
0000171b  __aeabi_memset4         
0000171b  __aeabi_memset8         
ffffffff  __binit__               
ffffffff  __c_args__              
20000000  __stack                 
00001c05  _args_main              
000018d1  _c_int00                
200003a0  _lock                   
00001c2b  _nop                    
00001c23  _register_lock          
00001c1d  _register_unlock        
00001c75  _system_pre_init        
200003a4  _unlock                 
000019b9  abort                   
2000039a  binaryCount             
ffffffff  binit                   
00001921  copy_in                 
00000de7  delay                   
000019c1  exit                    
00001ae9  feraiseexcept           
00000000  g_pfnVectors            
00000da5  hardwareInit            
20000398  i16ToggleCount          
00001bd3  log                     
00000e49  main                    
200003bc  main_func_sp            
000015f7  memcpy                  
00001721  memset                  
0000026d  pow                     
00001b7b  raise                   
00000df1  rgbCycle                
00001a3d  signal                  
2000039c  switchStatus            
2000039e  toggleCount             


GLOBAL SYMBOLS: SORTED BY Symbol Address 

address   name                    
-------   ----                    
00000000  __TI_static_base__      
00000000  g_pfnVectors            
00000200  __STACK_SIZE            
0000026d  pow                     
00000705  _Log                    
000009f1  _Exp                    
00000bed  __aeabi_dsub            
00000bf7  __aeabi_dadd            
00000da5  hardwareInit            
00000de7  delay                   
00000df1  rgbCycle                
00000e49  main                    
00000f11  __aeabi_ddiv            
00001047  GPIOPadConfigSet        
00001179  _Dscale                 
00001289  __aeabi_dmul            
00001385  SysCtlClockSet          
00001479  _Dint                   
00001539  _Dnorm                  
000015f7  __aeabi_memcpy          
000015f7  __aeabi_memcpy4         
000015f7  __aeabi_memcpy8         
000015f7  memcpy                  
00001693  __aeabi_cdcmpeq         
00001693  __aeabi_cdcmple         
00001719  __aeabi_memclr          
00001719  __aeabi_memclr4         
00001719  __aeabi_memclr8         
0000171b  __aeabi_memset          
0000171b  __aeabi_memset4         
0000171b  __aeabi_memset8         
00001721  memset                  
00001795  __TI_auto_init          
0000186b  _Dunscale               
000018d1  _c_int00                
00001921  copy_in                 
0000196d  __aeabi_d2iz            
000019b5  C$$EXIT                 
000019b9  abort                   
000019c1  exit                    
000019f9  __aeabi_d2uiz           
00001a3d  signal                  
00001a7d  __aeabi_f2d             
00001ab5  SysCtlPeripheralEnable  
00001ae9  feraiseexcept           
00001b1d  _Feraise                
00001b4d  __aeabi_i2d             
00001b7b  raise                   
00001ba9  GPIODirModeSet          
00001bd3  log                     
00001bed  GPIOPinTypeGPIOOutput   
00001c05  _args_main              
00001c1d  _register_unlock        
00001c23  _register_lock          
00001c2b  _nop                    
00001c31  GPIOPinTypeGPIOInput    
00001c43  __TI_decompress_none    
00001c51  ResetISR                
00001c5d  GPIOPinRead             
00001c63  GPIOPinWrite            
00001c69  SysCtlDelay             
00001c6f  __TI_decompress_rle24   
00001c75  _system_pre_init        
00001d8c  __TI_Handler_Table_Base 
00001d94  __TI_CINIT_Base         
00001d94  __TI_Handler_Table_Limit
00001d9c  __TI_CINIT_Limit        
20000000  __stack                 
20000200  __STACK_END             
20000200  __STACK_TOP             
200002b0  _Denorm                 
200002c0  _Eps                    
200002d0  _Hugeval                
200002e0  _Inf                    
200002f0  _Nan                    
20000300  _Snan                   
20000310  _Rteps                  
20000320  _Xbig                   
20000328  _Zero                   
20000330  _FDenorm                
20000340  _FEps                   
20000350  _FInf                   
20000360  _FNan                   
20000370  _FSnan                  
20000380  _FRteps                 
20000390  _FXbig                  
20000394  _FZero                  
20000398  i16ToggleCount          
2000039a  binaryCount             
2000039c  switchStatus            
2000039e  toggleCount             
200003a0  _lock                   
200003a4  _unlock                 
200003a8  __TI_cleanup_ptr        
200003ac  __TI_dtors_ptr          
200003b0  _Fenv                   
200003b4  _Tls_setup__Fenv        
200003b8  _Errno                  
200003bc  main_func_sp            
ffffffff  __binit__               
ffffffff  __c_args__              
ffffffff  binit                   
UNDEFED   SHT$$INIT_ARRAY$$Base   
UNDEFED   SHT$$INIT_ARRAY$$Limit  

[104 symbols]
