******************************************************************************
                  TI ARM Linker Unix v5.2.5                    
******************************************************************************
>> Linked Thu Apr 14 02:41:54 2016

OUTPUT FILE NAME:   <LFSR.out>
ENTRY POINT SYMBOL: "_c_int00"  address: 000007b1


MEMORY CONFIGURATION

         name            origin    length      used     unused   attr    fill
----------------------  --------  ---------  --------  --------  ----  --------
  FLASH                 00000000   00040000  0000098c  0003f674  R  X
  SRAM                  20000000   00008000  00000228  00007dd8  RW X


SEGMENT ALLOCATION MAP

run origin  load origin   length   init length attrs members
----------  ----------- ---------- ----------- ----- -------
00000000    00000000    00000990   00000990    r-x
  00000000    00000000    0000026c   0000026c    r-- .intvecs
  0000026c    0000026c    000006f8   000006f8    r-x .text
  00000968    00000968    00000028   00000028    r-- .cinit
20000000    20000000    00000228   00000000    rw-
  20000000    20000000    00000200   00000000    rw- .stack
  20000200    20000200    00000028   00000000    rw- .data


SECTION ALLOCATION MAP

 output                                  attributes/
section   page    origin      length       input sections
--------  ----  ----------  ----------   ----------------
.intvecs   0    00000000    0000026c     
                  00000000    0000026c     tm4c123gh6pm_startup_ccs.obj (.intvecs)

.text      0    0000026c    000006f8     
                  0000026c    00000132     driverlib.lib : gpio.obj (.text:GPIOPadConfigSet)
                  0000039e    00000002     --HOLE-- [fill = 0]
                  000003a0    0000012c     lfsr_glaois.obj (.text)
                  000004cc    000000f4     driverlib.lib : sysctl.obj (.text:SysCtlClockSet)
                  000005c0    0000009c     rtsv7M4_T_le_v4SPD16_eabi.lib : memcpy_t2.obj (.text)
                  0000065c    0000007a                                   : memset_t2.obj (.text)
                  000006d6    00000002     --HOLE-- [fill = 0]
                  000006d8    0000006c                                   : autoinit.obj (.text)
                  00000744    0000006a                                   : copy_decompress_rle.obj (.text)
                  000007ae    00000002     --HOLE-- [fill = 0]
                  000007b0    00000050                                   : boot.obj (.text)
                  00000800    0000004c                                   : cpy_tbl.obj (.text)
                  0000084c    00000044                                   : exit.obj (.text)
                  00000890    00000034     driverlib.lib : sysctl.obj (.text:SysCtlPeripheralEnable)
                  000008c4    0000002a                   : gpio.obj (.text:GPIODirModeSet)
                  000008ee    00000018                   : gpio.obj (.text:GPIOPinTypeGPIOOutput)
                  00000906    00000002     --HOLE-- [fill = 0]
                  00000908    00000018     rtsv7M4_T_le_v4SPD16_eabi.lib : args_main.obj (.text)
                  00000920    00000014                                   : _lock.obj (.text)
                  00000934    0000000e                                   : copy_decompress_none.obj (.text:decompress:none)
                  00000942    0000000c     tm4c123gh6pm_startup_ccs.obj (.text)
                  0000094e    00000006     driverlib.lib : gpio.obj (.text:GPIOPinWrite)
                  00000954    00000006                   : sysctl.obj (.text:SysCtlDelay)
                  0000095a    00000006     rtsv7M4_T_le_v4SPD16_eabi.lib : copy_decompress_rle.obj (.text:decompress:rle24)
                  00000960    00000004                                   : pre_init.obj (.text)

.cinit     0    00000968    00000028     
                  00000968    00000017     (.cinit..data.load) [load image, compression = rle]
                  0000097f    00000001     --HOLE-- [fill = 0]
                  00000980    00000008     (__TI_handler_table)
                  00000988    00000008     (__TI_cinit_table)

.init_array 
*          0    00000000    00000000     UNINITIALIZED

.data      0    20000200    00000028     UNINITIALIZED
                  20000200    00000011     lfsr_glaois.obj (.data)
                  20000211    00000003     --HOLE--
                  20000214    00000008     rtsv7M4_T_le_v4SPD16_eabi.lib : _lock.obj (.data)
                  2000021c    00000008                                   : exit.obj (.data)
                  20000224    00000004                                   : stkdepth_vars.obj (.data)

.stack     0    20000000    00000200     UNINITIALIZED
                  20000000    00000200     --HOLE--

.TI.persistent 
*          0    20000200    00000000     UNINITIALIZED


LINKER GENERATED COPY TABLES

__TI_cinit_table @ 00000988 records: 1, size/record: 8, table size: 8
	.data: load addr=00000968, load size=00000017 bytes, run addr=20000200, run size=00000028 bytes, compression=rle


LINKER GENERATED HANDLER TABLE

__TI_handler_table @ 00000980 records: 2, size/record: 4, table size: 8
	index: 0, handler: __TI_decompress_rle24
	index: 1, handler: __TI_decompress_none


GLOBAL SYMBOLS: SORTED ALPHABETICALLY BY Name 

address   name                    
-------   ----                    
0000084d  C$$EXIT                 
000008c5  GPIODirModeSet          
0000026d  GPIOPadConfigSet        
000008ef  GPIOPinTypeGPIOOutput   
0000094f  GPIOPinWrite            
00000943  ResetISR                
UNDEFED   SHT$$INIT_ARRAY$$Base   
UNDEFED   SHT$$INIT_ARRAY$$Limit  
000004cd  SysCtlClockSet          
00000955  SysCtlDelay             
00000891  SysCtlPeripheralEnable  
20000200  __STACK_END             
00000200  __STACK_SIZE            
20000200  __STACK_TOP             
00000988  __TI_CINIT_Base         
00000990  __TI_CINIT_Limit        
00000980  __TI_Handler_Table_Base 
00000988  __TI_Handler_Table_Limit
000006d9  __TI_auto_init          
2000021c  __TI_cleanup_ptr        
00000935  __TI_decompress_none    
0000095b  __TI_decompress_rle24   
20000220  __TI_dtors_ptr          
00000000  __TI_static_base__      
0000065d  __aeabi_memclr          
0000065d  __aeabi_memclr4         
0000065d  __aeabi_memclr8         
000005c1  __aeabi_memcpy          
000005c1  __aeabi_memcpy4         
000005c1  __aeabi_memcpy8         
0000065f  __aeabi_memset          
0000065f  __aeabi_memset4         
0000065f  __aeabi_memset8         
ffffffff  __binit__               
ffffffff  __c_args__              
20000000  __stack                 
00000909  _args_main              
000007b1  _c_int00                
20000214  _lock                   
0000092f  _nop                    
00000927  _register_lock          
00000921  _register_unlock        
00000961  _system_pre_init        
20000218  _unlock                 
2000020c  a                       
00000851  abort                   
ffffffff  binit                   
20000210  clck                    
00000801  copy_in                 
00000859  exit                    
00000000  g_pfnVectors            
000003d7  glaois_lfsr             
20000204  lfsr                    
00000491  main                    
20000224  main_func_sp            
000005c1  memcpy                  
00000665  memset                  
20000208  period                  
000003a1  port_init               
20000200  start_state             


GLOBAL SYMBOLS: SORTED BY Symbol Address 

address   name                    
-------   ----                    
00000000  __TI_static_base__      
00000000  g_pfnVectors            
00000200  __STACK_SIZE            
0000026d  GPIOPadConfigSet        
000003a1  port_init               
000003d7  glaois_lfsr             
00000491  main                    
000004cd  SysCtlClockSet          
000005c1  __aeabi_memcpy          
000005c1  __aeabi_memcpy4         
000005c1  __aeabi_memcpy8         
000005c1  memcpy                  
0000065d  __aeabi_memclr          
0000065d  __aeabi_memclr4         
0000065d  __aeabi_memclr8         
0000065f  __aeabi_memset          
0000065f  __aeabi_memset4         
0000065f  __aeabi_memset8         
00000665  memset                  
000006d9  __TI_auto_init          
000007b1  _c_int00                
00000801  copy_in                 
0000084d  C$$EXIT                 
00000851  abort                   
00000859  exit                    
00000891  SysCtlPeripheralEnable  
000008c5  GPIODirModeSet          
000008ef  GPIOPinTypeGPIOOutput   
00000909  _args_main              
00000921  _register_unlock        
00000927  _register_lock          
0000092f  _nop                    
00000935  __TI_decompress_none    
00000943  ResetISR                
0000094f  GPIOPinWrite            
00000955  SysCtlDelay             
0000095b  __TI_decompress_rle24   
00000961  _system_pre_init        
00000980  __TI_Handler_Table_Base 
00000988  __TI_CINIT_Base         
00000988  __TI_Handler_Table_Limit
00000990  __TI_CINIT_Limit        
20000000  __stack                 
20000200  __STACK_END             
20000200  __STACK_TOP             
20000200  start_state             
20000204  lfsr                    
20000208  period                  
2000020c  a                       
20000210  clck                    
20000214  _lock                   
20000218  _unlock                 
2000021c  __TI_cleanup_ptr        
20000220  __TI_dtors_ptr          
20000224  main_func_sp            
ffffffff  __binit__               
ffffffff  __c_args__              
ffffffff  binit                   
UNDEFED   SHT$$INIT_ARRAY$$Base   
UNDEFED   SHT$$INIT_ARRAY$$Limit  

[60 symbols]
