******************************************************************************
                  TI ARM Linker Unix v5.2.5                    
******************************************************************************
>> Linked Mon Jan 25 17:03:33 2016

OUTPUT FILE NAME:   <Lab-2B.out>
ENTRY POINT SYMBOL: "_c_int00"  address: 00000611


MEMORY CONFIGURATION

         name            origin    length      used     unused   attr    fill
----------------------  --------  ---------  --------  --------  ----  --------
  FLASH                 00000000   00040000  00000760  0003f8a0  R  X
  SRAM                  20000000   00008000  00000214  00007dec  RW X


SEGMENT ALLOCATION MAP

run origin  load origin   length   init length attrs members
----------  ----------- ---------- ----------- ----- -------
00000000    00000000    00000760   00000760    r-x
  00000000    00000000    0000026c   0000026c    r-- .intvecs
  0000026c    0000026c    000004d4   000004d4    r-x .text
  00000740    00000740    00000020   00000020    r-- .cinit
20000000    20000000    00000214   00000000    rw-
  20000000    20000000    00000200   00000000    rw- .stack
  20000200    20000200    00000014   00000000    rw- .data


SECTION ALLOCATION MAP

 output                                  attributes/
section   page    origin      length       input sections
--------  ----  ----------  ----------   ----------------
.intvecs   0    00000000    0000026c     
                  00000000    0000026c     tm4c1230h6pm_startup_ccs.obj (.intvecs)

.text      0    0000026c    000004d4     
                  0000026c    000001b6     sample.obj (.text)
                  00000422    0000009c     rtsv7M4_T_le_v4SPD16_eabi.lib : memcpy_t2.obj (.text)
                  000004be    0000007a                                   : memset_t2.obj (.text)
                  00000538    0000006c                                   : autoinit.obj (.text)
                  000005a4    0000006a                                   : copy_decompress_rle.obj (.text)
                  0000060e    00000002     --HOLE-- [fill = 0]
                  00000610    00000050                                   : boot.obj (.text)
                  00000660    0000004c                                   : cpy_tbl.obj (.text)
                  000006ac    00000044                                   : exit.obj (.text)
                  000006f0    00000018                                   : args_main.obj (.text)
                  00000708    00000014                                   : _lock.obj (.text)
                  0000071c    0000000e                                   : copy_decompress_none.obj (.text:decompress:none)
                  0000072a    0000000c     tm4c1230h6pm_startup_ccs.obj (.text)
                  00000736    00000006     rtsv7M4_T_le_v4SPD16_eabi.lib : copy_decompress_rle.obj (.text:decompress:rle24)
                  0000073c    00000004                                   : pre_init.obj (.text)

.cinit     0    00000740    00000020     
                  00000740    0000000f     (.cinit..data.load) [load image, compression = rle]
                  0000074f    00000001     --HOLE-- [fill = 0]
                  00000750    00000008     (__TI_handler_table)
                  00000758    00000008     (__TI_cinit_table)

.init_array 
*          0    00000000    00000000     UNINITIALIZED

.data      0    20000200    00000014     UNINITIALIZED
                  20000200    00000008     rtsv7M4_T_le_v4SPD16_eabi.lib : _lock.obj (.data)
                  20000208    00000008                                   : exit.obj (.data)
                  20000210    00000004                                   : stkdepth_vars.obj (.data)

.stack     0    20000000    00000200     UNINITIALIZED
                  20000000    00000200     --HOLE--

.TI.persistent 
*          0    20000200    00000000     UNINITIALIZED


LINKER GENERATED COPY TABLES

__TI_cinit_table @ 00000758 records: 1, size/record: 8, table size: 8
	.data: load addr=00000740, load size=0000000f bytes, run addr=20000200, run size=00000014 bytes, compression=rle


LINKER GENERATED HANDLER TABLE

__TI_handler_table @ 00000750 records: 2, size/record: 4, table size: 8
	index: 0, handler: __TI_decompress_rle24
	index: 1, handler: __TI_decompress_none


GLOBAL SYMBOLS: SORTED ALPHABETICALLY BY Name 

address   name                    
-------   ----                    
000006ad  C$$EXIT                 
0000072b  ResetISR                
UNDEFED   SHT$$INIT_ARRAY$$Base   
UNDEFED   SHT$$INIT_ARRAY$$Limit  
20000200  __STACK_END             
00000200  __STACK_SIZE            
20000200  __STACK_TOP             
00000758  __TI_CINIT_Base         
00000760  __TI_CINIT_Limit        
00000750  __TI_Handler_Table_Base 
00000758  __TI_Handler_Table_Limit
00000539  __TI_auto_init          
20000208  __TI_cleanup_ptr        
0000071d  __TI_decompress_none    
00000737  __TI_decompress_rle24   
2000020c  __TI_dtors_ptr          
00000000  __TI_static_base__      
000004bf  __aeabi_memclr          
000004bf  __aeabi_memclr4         
000004bf  __aeabi_memclr8         
00000423  __aeabi_memcpy          
00000423  __aeabi_memcpy4         
00000423  __aeabi_memcpy8         
000004c1  __aeabi_memset          
000004c1  __aeabi_memset4         
000004c1  __aeabi_memset8         
ffffffff  __binit__               
ffffffff  __c_args__              
20000000  __stack                 
000006f1  _args_main              
00000611  _c_int00                
20000200  _lock                   
00000717  _nop                    
0000070f  _register_lock          
00000709  _register_unlock        
0000073d  _system_pre_init        
20000204  _unlock                 
000006b1  abort                   
ffffffff  binit                   
00000661  copy_in                 
000006b9  exit                    
00000000  g_pfnVectors            
000002e1  main                    
20000210  main_func_sp            
00000423  memcpy                  
000004c7  memset                  


GLOBAL SYMBOLS: SORTED BY Symbol Address 

address   name                    
-------   ----                    
00000000  __TI_static_base__      
00000000  g_pfnVectors            
00000200  __STACK_SIZE            
000002e1  main                    
00000423  __aeabi_memcpy          
00000423  __aeabi_memcpy4         
00000423  __aeabi_memcpy8         
00000423  memcpy                  
000004bf  __aeabi_memclr          
000004bf  __aeabi_memclr4         
000004bf  __aeabi_memclr8         
000004c1  __aeabi_memset          
000004c1  __aeabi_memset4         
000004c1  __aeabi_memset8         
000004c7  memset                  
00000539  __TI_auto_init          
00000611  _c_int00                
00000661  copy_in                 
000006ad  C$$EXIT                 
000006b1  abort                   
000006b9  exit                    
000006f1  _args_main              
00000709  _register_unlock        
0000070f  _register_lock          
00000717  _nop                    
0000071d  __TI_decompress_none    
0000072b  ResetISR                
00000737  __TI_decompress_rle24   
0000073d  _system_pre_init        
00000750  __TI_Handler_Table_Base 
00000758  __TI_CINIT_Base         
00000758  __TI_Handler_Table_Limit
00000760  __TI_CINIT_Limit        
20000000  __stack                 
20000200  __STACK_END             
20000200  __STACK_TOP             
20000200  _lock                   
20000204  _unlock                 
20000208  __TI_cleanup_ptr        
2000020c  __TI_dtors_ptr          
20000210  main_func_sp            
ffffffff  __binit__               
ffffffff  __c_args__              
ffffffff  binit                   
UNDEFED   SHT$$INIT_ARRAY$$Base   
UNDEFED   SHT$$INIT_ARRAY$$Limit  

[46 symbols]
