******************************************************************************
                  TI ARM Linker Unix v5.2.5                    
******************************************************************************
>> Linked Sun Mar 27 17:39:01 2016

OUTPUT FILE NAME:   <LFSR.out>
ENTRY POINT SYMBOL: "_c_int00"  address: 000006b5


MEMORY CONFIGURATION

         name            origin    length      used     unused   attr    fill
----------------------  --------  ---------  --------  --------  ----  --------
  FLASH                 00000000   00040000  00000886  0003f77a  R  X
  SRAM                  20000000   00008000  00000224  00007ddc  RW X


SEGMENT ALLOCATION MAP

run origin  load origin   length   init length attrs members
----------  ----------- ---------- ----------- ----- -------
00000000    00000000    0000088c   0000088c    r-x
  00000000    00000000    0000026c   0000026c    r-- .intvecs
  0000026c    0000026c    000005f6   000005f6    r-x .text
  00000868    00000868    00000024   00000024    r-- .cinit
20000000    20000000    00000224   00000000    rw-
  20000000    20000000    00000200   00000000    rw- .stack
  20000200    20000200    00000024   00000000    rw- .data


SECTION ALLOCATION MAP

 output                                  attributes/
section   page    origin      length       input sections
--------  ----  ----------  ----------   ----------------
.intvecs   0    00000000    0000026c     
                  00000000    0000026c     tm4c123gh6pm_startup_ccs.obj (.intvecs)

.text      0    0000026c    000005f6     
                  0000026c    00000132     driverlib.lib : gpio.obj (.text:GPIOPadConfigSet)
                  0000039e    00000002     --HOLE-- [fill = 0]
                  000003a0    00000124     lfsr_glaois.obj (.text)
                  000004c4    0000009c     rtsv7M4_T_le_v4SPD16_eabi.lib : memcpy_t2.obj (.text)
                  00000560    0000007a                                   : memset_t2.obj (.text)
                  000005da    00000002     --HOLE-- [fill = 0]
                  000005dc    0000006c                                   : autoinit.obj (.text)
                  00000648    0000006a                                   : copy_decompress_rle.obj (.text)
                  000006b2    00000002     --HOLE-- [fill = 0]
                  000006b4    00000050                                   : boot.obj (.text)
                  00000704    0000004c                                   : cpy_tbl.obj (.text)
                  00000750    00000044                                   : exit.obj (.text)
                  00000794    00000034     driverlib.lib : sysctl.obj (.text:SysCtlPeripheralEnable)
                  000007c8    0000002a                   : gpio.obj (.text:GPIODirModeSet)
                  000007f2    00000018                   : gpio.obj (.text:GPIOPinTypeGPIOOutput)
                  0000080a    00000002     --HOLE-- [fill = 0]
                  0000080c    00000018     rtsv7M4_T_le_v4SPD16_eabi.lib : args_main.obj (.text)
                  00000824    00000014                                   : _lock.obj (.text)
                  00000838    0000000e                                   : copy_decompress_none.obj (.text:decompress:none)
                  00000846    0000000c     tm4c123gh6pm_startup_ccs.obj (.text)
                  00000852    00000006     driverlib.lib : gpio.obj (.text:GPIOPinWrite)
                  00000858    00000006     rtsv7M4_T_le_v4SPD16_eabi.lib : copy_decompress_rle.obj (.text:decompress:rle24)
                  0000085e    00000004                                   : pre_init.obj (.text)

.cinit     0    00000868    00000024     
                  00000868    00000013     (.cinit..data.load) [load image, compression = rle]
                  0000087b    00000001     --HOLE-- [fill = 0]
                  0000087c    00000008     (__TI_handler_table)
                  00000884    00000008     (__TI_cinit_table)

.init_array 
*          0    00000000    00000000     UNINITIALIZED

.data      0    20000200    00000024     UNINITIALIZED
                  20000200    00000010     lfsr_glaois.obj (.data)
                  20000210    00000008     rtsv7M4_T_le_v4SPD16_eabi.lib : _lock.obj (.data)
                  20000218    00000008                                   : exit.obj (.data)
                  20000220    00000004                                   : stkdepth_vars.obj (.data)

.stack     0    20000000    00000200     UNINITIALIZED
                  20000000    00000200     --HOLE--

.TI.persistent 
*          0    20000200    00000000     UNINITIALIZED


LINKER GENERATED COPY TABLES

__TI_cinit_table @ 00000884 records: 1, size/record: 8, table size: 8
	.data: load addr=00000868, load size=00000013 bytes, run addr=20000200, run size=00000024 bytes, compression=rle


LINKER GENERATED HANDLER TABLE

__TI_handler_table @ 0000087c records: 2, size/record: 4, table size: 8
	index: 0, handler: __TI_decompress_rle24
	index: 1, handler: __TI_decompress_none


GLOBAL SYMBOLS: SORTED ALPHABETICALLY BY Name 

address   name                    
-------   ----                    
00000751  C$$EXIT                 
000007c9  GPIODirModeSet          
0000026d  GPIOPadConfigSet        
000007f3  GPIOPinTypeGPIOOutput   
00000853  GPIOPinWrite            
00000847  ResetISR                
UNDEFED   SHT$$INIT_ARRAY$$Base   
UNDEFED   SHT$$INIT_ARRAY$$Limit  
00000795  SysCtlPeripheralEnable  
20000200  __STACK_END             
00000200  __STACK_SIZE            
20000200  __STACK_TOP             
00000884  __TI_CINIT_Base         
0000088c  __TI_CINIT_Limit        
0000087c  __TI_Handler_Table_Base 
00000884  __TI_Handler_Table_Limit
000005dd  __TI_auto_init          
20000218  __TI_cleanup_ptr        
00000839  __TI_decompress_none    
00000859  __TI_decompress_rle24   
2000021c  __TI_dtors_ptr          
00000000  __TI_static_base__      
00000561  __aeabi_memclr          
00000561  __aeabi_memclr4         
00000561  __aeabi_memclr8         
000004c5  __aeabi_memcpy          
000004c5  __aeabi_memcpy4         
000004c5  __aeabi_memcpy8         
00000563  __aeabi_memset          
00000563  __aeabi_memset4         
00000563  __aeabi_memset8         
ffffffff  __binit__               
ffffffff  __c_args__              
20000000  __stack                 
0000080d  _args_main              
000006b5  _c_int00                
20000210  _lock                   
00000833  _nop                    
0000082b  _register_lock          
00000825  _register_unlock        
0000085f  _system_pre_init        
20000214  _unlock                 
2000020c  a                       
00000755  abort                   
ffffffff  binit                   
00000705  copy_in                 
0000075d  exit                    
00000000  g_pfnVectors            
000003c1  glaois_lfsr             
20000204  lfsr                    
00000497  main                    
20000220  main_func_sp            
000004c5  memcpy                  
00000569  memset                  
20000208  period                  
000003a1  port_init               
20000200  start_state             


GLOBAL SYMBOLS: SORTED BY Symbol Address 

address   name                    
-------   ----                    
00000000  __TI_static_base__      
00000000  g_pfnVectors            
00000200  __STACK_SIZE            
0000026d  GPIOPadConfigSet        
000003a1  port_init               
000003c1  glaois_lfsr             
00000497  main                    
000004c5  __aeabi_memcpy          
000004c5  __aeabi_memcpy4         
000004c5  __aeabi_memcpy8         
000004c5  memcpy                  
00000561  __aeabi_memclr          
00000561  __aeabi_memclr4         
00000561  __aeabi_memclr8         
00000563  __aeabi_memset          
00000563  __aeabi_memset4         
00000563  __aeabi_memset8         
00000569  memset                  
000005dd  __TI_auto_init          
000006b5  _c_int00                
00000705  copy_in                 
00000751  C$$EXIT                 
00000755  abort                   
0000075d  exit                    
00000795  SysCtlPeripheralEnable  
000007c9  GPIODirModeSet          
000007f3  GPIOPinTypeGPIOOutput   
0000080d  _args_main              
00000825  _register_unlock        
0000082b  _register_lock          
00000833  _nop                    
00000839  __TI_decompress_none    
00000847  ResetISR                
00000853  GPIOPinWrite            
00000859  __TI_decompress_rle24   
0000085f  _system_pre_init        
0000087c  __TI_Handler_Table_Base 
00000884  __TI_CINIT_Base         
00000884  __TI_Handler_Table_Limit
0000088c  __TI_CINIT_Limit        
20000000  __stack                 
20000200  __STACK_END             
20000200  __STACK_TOP             
20000200  start_state             
20000204  lfsr                    
20000208  period                  
2000020c  a                       
20000210  _lock                   
20000214  _unlock                 
20000218  __TI_cleanup_ptr        
2000021c  __TI_dtors_ptr          
20000220  main_func_sp            
ffffffff  __binit__               
ffffffff  __c_args__              
ffffffff  binit                   
UNDEFED   SHT$$INIT_ARRAY$$Base   
UNDEFED   SHT$$INIT_ARRAY$$Limit  

[57 symbols]
