******************************************************************************
                  TI ARM Linker Unix v5.2.5                    
******************************************************************************
>> Linked Mon Feb  1 17:13:02 2016

OUTPUT FILE NAME:   <Lab-2B.out>
ENTRY POINT SYMBOL: "_c_int00"  address: 0000068d


MEMORY CONFIGURATION

         name            origin    length      used     unused   attr    fill
----------------------  --------  ---------  --------  --------  ----  --------
  FLASH                 00000000   00040000  000007dc  0003f824  R  X
  SRAM                  20000000   00008000  00000214  00007dec  RW X


SEGMENT ALLOCATION MAP

run origin  load origin   length   init length attrs members
----------  ----------- ---------- ----------- ----- -------
00000000    00000000    000007e0   000007e0    r-x
  00000000    00000000    0000026c   0000026c    r-- .intvecs
  0000026c    0000026c    00000550   00000550    r-x .text
  000007c0    000007c0    00000020   00000020    r-- .cinit
20000000    20000000    00000214   00000000    rw-
  20000000    20000000    00000200   00000000    rw- .stack
  20000200    20000200    00000014   00000000    rw- .data


SECTION ALLOCATION MAP

 output                                  attributes/
section   page    origin      length       input sections
--------  ----  ----------  ----------   ----------------
.intvecs   0    00000000    0000026c     
                  00000000    0000026c     tm4c1230h6pm_startup_ccs.obj (.intvecs)

.text      0    0000026c    00000550     
                  0000026c    00000232     sample.obj (.text)
                  0000049e    0000009c     rtsv7M4_T_le_v4SPD16_eabi.lib : memcpy_t2.obj (.text)
                  0000053a    0000007a                                   : memset_t2.obj (.text)
                  000005b4    0000006c                                   : autoinit.obj (.text)
                  00000620    0000006a                                   : copy_decompress_rle.obj (.text)
                  0000068a    00000002     --HOLE-- [fill = 0]
                  0000068c    00000050                                   : boot.obj (.text)
                  000006dc    0000004c                                   : cpy_tbl.obj (.text)
                  00000728    00000044                                   : exit.obj (.text)
                  0000076c    00000018                                   : args_main.obj (.text)
                  00000784    00000014                                   : _lock.obj (.text)
                  00000798    0000000e                                   : copy_decompress_none.obj (.text:decompress:none)
                  000007a6    0000000c     tm4c1230h6pm_startup_ccs.obj (.text)
                  000007b2    00000006     rtsv7M4_T_le_v4SPD16_eabi.lib : copy_decompress_rle.obj (.text:decompress:rle24)
                  000007b8    00000004                                   : pre_init.obj (.text)

.cinit     0    000007c0    00000020     
                  000007c0    0000000f     (.cinit..data.load) [load image, compression = rle]
                  000007cf    00000001     --HOLE-- [fill = 0]
                  000007d0    00000008     (__TI_handler_table)
                  000007d8    00000008     (__TI_cinit_table)

.init_array 
*          0    00000000    00000000     UNINITIALIZED

.data      0    20000200    00000014     UNINITIALIZED
                  20000200    00000008     rtsv7M4_T_le_v4SPD16_eabi.lib : _lock.obj (.data)
                  20000208    00000008                                   : exit.obj (.data)
                  20000210    00000004                                   : stkdepth_vars.obj (.data)

.stack     0    20000000    00000200     UNINITIALIZED
                  20000000    00000200     --HOLE--

.TI.persistent 
*          0    20000200    00000000     UNINITIALIZED


LINKER GENERATED COPY TABLES

__TI_cinit_table @ 000007d8 records: 1, size/record: 8, table size: 8
	.data: load addr=000007c0, load size=0000000f bytes, run addr=20000200, run size=00000014 bytes, compression=rle


LINKER GENERATED HANDLER TABLE

__TI_handler_table @ 000007d0 records: 2, size/record: 4, table size: 8
	index: 0, handler: __TI_decompress_rle24
	index: 1, handler: __TI_decompress_none


GLOBAL SYMBOLS: SORTED ALPHABETICALLY BY Name 

address   name                    
-------   ----                    
00000729  C$$EXIT                 
000007a7  ResetISR                
UNDEFED   SHT$$INIT_ARRAY$$Base   
UNDEFED   SHT$$INIT_ARRAY$$Limit  
20000200  __STACK_END             
00000200  __STACK_SIZE            
20000200  __STACK_TOP             
000007d8  __TI_CINIT_Base         
000007e0  __TI_CINIT_Limit        
000007d0  __TI_Handler_Table_Base 
000007d8  __TI_Handler_Table_Limit
000005b5  __TI_auto_init          
20000208  __TI_cleanup_ptr        
00000799  __TI_decompress_none    
000007b3  __TI_decompress_rle24   
2000020c  __TI_dtors_ptr          
00000000  __TI_static_base__      
0000053b  __aeabi_memclr          
0000053b  __aeabi_memclr4         
0000053b  __aeabi_memclr8         
0000049f  __aeabi_memcpy          
0000049f  __aeabi_memcpy4         
0000049f  __aeabi_memcpy8         
0000053d  __aeabi_memset          
0000053d  __aeabi_memset4         
0000053d  __aeabi_memset8         
ffffffff  __binit__               
ffffffff  __c_args__              
20000000  __stack                 
0000076d  _args_main              
0000068d  _c_int00                
20000200  _lock                   
00000793  _nop                    
0000078b  _register_lock          
00000785  _register_unlock        
000007b9  _system_pre_init        
20000204  _unlock                 
0000072d  abort                   
ffffffff  binit                   
000006dd  copy_in                 
00000735  exit                    
00000000  g_pfnVectors            
000002e1  main                    
20000210  main_func_sp            
0000049f  memcpy                  
00000543  memset                  


GLOBAL SYMBOLS: SORTED BY Symbol Address 

address   name                    
-------   ----                    
00000000  __TI_static_base__      
00000000  g_pfnVectors            
00000200  __STACK_SIZE            
000002e1  main                    
0000049f  __aeabi_memcpy          
0000049f  __aeabi_memcpy4         
0000049f  __aeabi_memcpy8         
0000049f  memcpy                  
0000053b  __aeabi_memclr          
0000053b  __aeabi_memclr4         
0000053b  __aeabi_memclr8         
0000053d  __aeabi_memset          
0000053d  __aeabi_memset4         
0000053d  __aeabi_memset8         
00000543  memset                  
000005b5  __TI_auto_init          
0000068d  _c_int00                
000006dd  copy_in                 
00000729  C$$EXIT                 
0000072d  abort                   
00000735  exit                    
0000076d  _args_main              
00000785  _register_unlock        
0000078b  _register_lock          
00000793  _nop                    
00000799  __TI_decompress_none    
000007a7  ResetISR                
000007b3  __TI_decompress_rle24   
000007b9  _system_pre_init        
000007d0  __TI_Handler_Table_Base 
000007d8  __TI_CINIT_Base         
000007d8  __TI_Handler_Table_Limit
000007e0  __TI_CINIT_Limit        
20000000  __stack                 
20000200  __STACK_END             
20000200  __STACK_TOP             
20000200  _lock                   
20000204  _unlock                 
20000208  __TI_cleanup_ptr        
2000020c  __TI_dtors_ptr          
20000210  main_func_sp            
ffffffff  __binit__               
ffffffff  __c_args__              
ffffffff  binit                   
UNDEFED   SHT$$INIT_ARRAY$$Base   
UNDEFED   SHT$$INIT_ARRAY$$Limit  

[46 symbols]
