******************************************************************************
                  TI ARM Linker Unix v5.2.5                    
******************************************************************************
>> Linked Mon Feb  8 15:45:50 2016

OUTPUT FILE NAME:   <Lab-2B.out>
ENTRY POINT SYMBOL: "_c_int00"  address: 00000739


MEMORY CONFIGURATION

         name            origin    length      used     unused   attr    fill
----------------------  --------  ---------  --------  --------  ----  --------
  FLASH                 00000000   00040000  00000888  0003f778  R  X
  SRAM                  20000000   00008000  00000214  00007dec  RW X


SEGMENT ALLOCATION MAP

run origin  load origin   length   init length attrs members
----------  ----------- ---------- ----------- ----- -------
00000000    00000000    00000888   00000888    r-x
  00000000    00000000    0000026c   0000026c    r-- .intvecs
  0000026c    0000026c    000005fc   000005fc    r-x .text
  00000868    00000868    00000020   00000020    r-- .cinit
20000000    20000000    00000214   00000000    rw-
  20000000    20000000    00000200   00000000    rw- .stack
  20000200    20000200    00000014   00000000    rw- .data


SECTION ALLOCATION MAP

 output                                  attributes/
section   page    origin      length       input sections
--------  ----  ----------  ----------   ----------------
.intvecs   0    00000000    0000026c     
                  00000000    0000026c     tm4c1230h6pm_startup_ccs.obj (.intvecs)

.text      0    0000026c    000005fc     
                  0000026c    000002de     sample.obj (.text)
                  0000054a    0000009c     rtsv7M4_T_le_v4SPD16_eabi.lib : memcpy_t2.obj (.text)
                  000005e6    0000007a                                   : memset_t2.obj (.text)
                  00000660    0000006c                                   : autoinit.obj (.text)
                  000006cc    0000006a                                   : copy_decompress_rle.obj (.text)
                  00000736    00000002     --HOLE-- [fill = 0]
                  00000738    00000050                                   : boot.obj (.text)
                  00000788    0000004c                                   : cpy_tbl.obj (.text)
                  000007d4    00000044                                   : exit.obj (.text)
                  00000818    00000018                                   : args_main.obj (.text)
                  00000830    00000014                                   : _lock.obj (.text)
                  00000844    0000000e                                   : copy_decompress_none.obj (.text:decompress:none)
                  00000852    0000000c     tm4c1230h6pm_startup_ccs.obj (.text)
                  0000085e    00000006     rtsv7M4_T_le_v4SPD16_eabi.lib : copy_decompress_rle.obj (.text:decompress:rle24)
                  00000864    00000004                                   : pre_init.obj (.text)

.cinit     0    00000868    00000020     
                  00000868    0000000f     (.cinit..data.load) [load image, compression = rle]
                  00000877    00000001     --HOLE-- [fill = 0]
                  00000878    00000008     (__TI_handler_table)
                  00000880    00000008     (__TI_cinit_table)

.init_array 
*          0    00000000    00000000     UNINITIALIZED

.data      0    20000200    00000014     UNINITIALIZED
                  20000200    00000008     rtsv7M4_T_le_v4SPD16_eabi.lib : _lock.obj (.data)
                  20000208    00000008                                   : exit.obj (.data)
                  20000210    00000004                                   : stkdepth_vars.obj (.data)

.stack     0    20000000    00000200     UNINITIALIZED
                  20000000    00000200     --HOLE--

.TI.persistent 
*          0    20000200    00000000     UNINITIALIZED


LINKER GENERATED COPY TABLES

__TI_cinit_table @ 00000880 records: 1, size/record: 8, table size: 8
	.data: load addr=00000868, load size=0000000f bytes, run addr=20000200, run size=00000014 bytes, compression=rle


LINKER GENERATED HANDLER TABLE

__TI_handler_table @ 00000878 records: 2, size/record: 4, table size: 8
	index: 0, handler: __TI_decompress_rle24
	index: 1, handler: __TI_decompress_none


GLOBAL SYMBOLS: SORTED ALPHABETICALLY BY Name 

address   name                    
-------   ----                    
000007d5  C$$EXIT                 
00000853  ResetISR                
UNDEFED   SHT$$INIT_ARRAY$$Base   
UNDEFED   SHT$$INIT_ARRAY$$Limit  
20000200  __STACK_END             
00000200  __STACK_SIZE            
20000200  __STACK_TOP             
00000880  __TI_CINIT_Base         
00000888  __TI_CINIT_Limit        
00000878  __TI_Handler_Table_Base 
00000880  __TI_Handler_Table_Limit
00000661  __TI_auto_init          
20000208  __TI_cleanup_ptr        
00000845  __TI_decompress_none    
0000085f  __TI_decompress_rle24   
2000020c  __TI_dtors_ptr          
00000000  __TI_static_base__      
000005e7  __aeabi_memclr          
000005e7  __aeabi_memclr4         
000005e7  __aeabi_memclr8         
0000054b  __aeabi_memcpy          
0000054b  __aeabi_memcpy4         
0000054b  __aeabi_memcpy8         
000005e9  __aeabi_memset          
000005e9  __aeabi_memset4         
000005e9  __aeabi_memset8         
ffffffff  __binit__               
ffffffff  __c_args__              
20000000  __stack                 
00000819  _args_main              
00000739  _c_int00                
20000200  _lock                   
0000083f  _nop                    
00000837  _register_lock          
00000831  _register_unlock        
00000865  _system_pre_init        
20000204  _unlock                 
000007d9  abort                   
ffffffff  binit                   
00000789  copy_in                 
000007e1  exit                    
00000000  g_pfnVectors            
000002e1  main                    
20000210  main_func_sp            
0000054b  memcpy                  
000005ef  memset                  


GLOBAL SYMBOLS: SORTED BY Symbol Address 

address   name                    
-------   ----                    
00000000  __TI_static_base__      
00000000  g_pfnVectors            
00000200  __STACK_SIZE            
000002e1  main                    
0000054b  __aeabi_memcpy          
0000054b  __aeabi_memcpy4         
0000054b  __aeabi_memcpy8         
0000054b  memcpy                  
000005e7  __aeabi_memclr          
000005e7  __aeabi_memclr4         
000005e7  __aeabi_memclr8         
000005e9  __aeabi_memset          
000005e9  __aeabi_memset4         
000005e9  __aeabi_memset8         
000005ef  memset                  
00000661  __TI_auto_init          
00000739  _c_int00                
00000789  copy_in                 
000007d5  C$$EXIT                 
000007d9  abort                   
000007e1  exit                    
00000819  _args_main              
00000831  _register_unlock        
00000837  _register_lock          
0000083f  _nop                    
00000845  __TI_decompress_none    
00000853  ResetISR                
0000085f  __TI_decompress_rle24   
00000865  _system_pre_init        
00000878  __TI_Handler_Table_Base 
00000880  __TI_CINIT_Base         
00000880  __TI_Handler_Table_Limit
00000888  __TI_CINIT_Limit        
20000000  __stack                 
20000200  __STACK_END             
20000200  __STACK_TOP             
20000200  _lock                   
20000204  _unlock                 
20000208  __TI_cleanup_ptr        
2000020c  __TI_dtors_ptr          
20000210  main_func_sp            
ffffffff  __binit__               
ffffffff  __c_args__              
ffffffff  binit                   
UNDEFED   SHT$$INIT_ARRAY$$Base   
UNDEFED   SHT$$INIT_ARRAY$$Limit  

[46 symbols]
